Component: ARM Compiler 5.06 update 6 (build 750) Tool: armlink [4d35ed]

==============================================================================

Section Cross References

    startup.o(STACK) refers (Special) to heapauxi.o(.text) for __use_two_region_memory
    startup.o(HEAP) refers (Special) to heapauxi.o(.text) for __use_two_region_memory
    startup.o(RESET) refers (Special) to heapauxi.o(.text) for __use_two_region_memory
    startup.o(RESET) refers to startup.o(STACK) for StackMem
    startup.o(RESET) refers to timers.o(i.Timer0A_Handler) for Timer0A_Handler
    startup.o(RESET) refers to timers.o(i.Timer1A_Handler) for Timer1A_Handler
    startup.o(RESET) refers to timers.o(i.Timer2A_Handler) for Timer2A_Handler
    startup.o(RESET) refers to timers.o(i.Timer3A_Handler) for Timer3A_Handler
    startup.o(RESET) refers to __main.o(!!!main) for __main
    startup.o(.text) refers (Special) to heapauxi.o(.text) for __use_two_region_memory
    startup.o(.text) refers to startup.o(HEAP) for HeapMem
    startup.o(.text) refers to startup.o(STACK) for StackMem
    timers.o(i.Timer0A_Handler) refers to timers.o(.data) for .data
    timers.o(i.Timer0A_Init1HzInt) refers to startup.o(.text) for DisableInterrupts
    timers.o(i.Timer0A_Init1HzInt) refers to timers.o(.data) for .data
    timers.o(i.Timer1A_Handler) refers to timers.o(.data) for .data
    timers.o(i.Timer1_Init) refers to startup.o(.text) for DisableInterrupts
    timers.o(i.Timer1_Init) refers to timers.o(.data) for .data
    timers.o(i.Timer2A_Handler) refers to timers.o(.data) for .data
    timers.o(i.Timer2A_Init10kHzInt) refers to startup.o(.text) for DisableInterrupts
    timers.o(i.Timer2A_Init10kHzInt) refers to timers.o(.data) for .data
    timers.o(i.Timer3A_Handler) refers to timers.o(.data) for .data
    timers.o(i.Timer3A_Init10kHzInt) refers to startup.o(.text) for DisableInterrupts
    timers.o(i.Timer3A_Init10kHzInt) refers to timers.o(.data) for .data
    st7735.o(i.Output_Clear) refers to st7735.o(i.ST7735_FillRect) for ST7735_FillRect
    st7735.o(i.Output_Clear) refers to st7735.o(.data) for .data
    st7735.o(i.Output_Color) refers to st7735.o(.data) for .data
    st7735.o(i.Output_Off) refers to st7735.o(i.ST7735_FillRect) for ST7735_FillRect
    st7735.o(i.Output_Off) refers to st7735.o(.data) for .data
    st7735.o(i.Output_On) refers to uart.o(i.Output_Init) for Output_Init
    st7735.o(i.ST7735_DrawBitmap) refers to st7735.o(i.setAddrWindow) for setAddrWindow
    st7735.o(i.ST7735_DrawBitmap) refers to st7735.o(.data) for .data
    st7735.o(i.ST7735_DrawChar) refers to st7735.o(i.setAddrWindow) for setAddrWindow
    st7735.o(i.ST7735_DrawChar) refers to st7735.o(.data) for .data
    st7735.o(i.ST7735_DrawChar) refers to st7735.o(.constdata) for .constdata
    st7735.o(i.ST7735_DrawCharS) refers to st7735.o(i.ST7735_FillRect) for ST7735_FillRect
    st7735.o(i.ST7735_DrawCharS) refers to st7735.o(i.ST7735_DrawPixel) for ST7735_DrawPixel
    st7735.o(i.ST7735_DrawCharS) refers to st7735.o(.data) for .data
    st7735.o(i.ST7735_DrawCharS) refers to st7735.o(.constdata) for .constdata
    st7735.o(i.ST7735_DrawFastHLine) refers to st7735.o(i.setAddrWindow) for setAddrWindow
    st7735.o(i.ST7735_DrawFastHLine) refers to st7735.o(.data) for .data
    st7735.o(i.ST7735_DrawFastVLine) refers to st7735.o(i.setAddrWindow) for setAddrWindow
    st7735.o(i.ST7735_DrawFastVLine) refers to st7735.o(.data) for .data
    st7735.o(i.ST7735_DrawLine) refers to st7735.o(i.ST7735_DrawPixel) for ST7735_DrawPixel
    st7735.o(i.ST7735_DrawPixel) refers to st7735.o(i.setAddrWindow) for setAddrWindow
    st7735.o(i.ST7735_DrawPixel) refers to st7735.o(.data) for .data
    st7735.o(i.ST7735_DrawString) refers to st7735.o(i.ST7735_DrawCharS) for ST7735_DrawCharS
    st7735.o(i.ST7735_FillRect) refers to st7735.o(i.setAddrWindow) for setAddrWindow
    st7735.o(i.ST7735_FillRect) refers to st7735.o(.data) for .data
    st7735.o(i.ST7735_FillScreen) refers to st7735.o(i.ST7735_FillRect) for ST7735_FillRect
    st7735.o(i.ST7735_FillScreen) refers to st7735.o(.data) for .data
    st7735.o(i.ST7735_InitB) refers to st7735.o(i.commonInit) for commonInit
    st7735.o(i.ST7735_InitB) refers to st7735.o(i.ST7735_FillRect) for ST7735_FillRect
    st7735.o(i.ST7735_InitB) refers to st7735.o(.constdata) for .constdata
    st7735.o(i.ST7735_InitB) refers to st7735.o(.data) for .data
    st7735.o(i.ST7735_InitR) refers to st7735.o(i.commonInit) for commonInit
    st7735.o(i.ST7735_InitR) refers to st7735.o(i.commandList) for commandList
    st7735.o(i.ST7735_InitR) refers to st7735.o(i.ST7735_FillRect) for ST7735_FillRect
    st7735.o(i.ST7735_InitR) refers to st7735.o(.constdata) for .constdata
    st7735.o(i.ST7735_InitR) refers to st7735.o(.data) for .data
    st7735.o(i.ST7735_OutChar) refers to st7735.o(i.ST7735_DrawCharS) for ST7735_DrawCharS
    st7735.o(i.ST7735_OutChar) refers to st7735.o(.data) for .data
[...]
    __rtentry2.o(.ARM.exidx) refers to __rtentry2.o(.ARM.Collect$$rtentry$$0000000D) for .ARM.Collect$$rtentry$$0000000D
    __rtentry4.o(.ARM.Collect$$rtentry$$00000004) refers to sys_stackheap_outer.o(.text) for __user_setup_stackheap
    __rtentry4.o(.ARM.exidx) refers to __rtentry4.o(.ARM.Collect$$rtentry$$00000004) for .ARM.Collect$$rtentry$$00000004
    rt_errno_addr.o(.text) refers to rt_errno_addr.o(.bss) for __aeabi_errno_addr_data
    rt_errno_addr_intlibspace.o(.text) refers to libspace.o(.bss) for __libspace_start
    fabs.o(i.__hardfp_fabs) refers (Special) to usenofp.o(x$fpl$usenofp) for __I$use$fp
    fabs.o(i.__softfp_fabs) refers (Special) to usenofp.o(x$fpl$usenofp) for __I$use$fp
    fabs.o(i.fabs) refers (Special) to usenofp.o(x$fpl$usenofp) for __I$use$fp
    fpclassify.o(i.__ARM_fpclassify) refers (Special) to usenofp.o(x$fpl$usenofp) for __I$use$fp
    poly.o(i.__kernel_poly) refers (Special) to usenofp.o(x$fpl$usenofp) for __I$use$fp
    poly.o(i.__kernel_poly) refers to dmul.o(x$fpl$dmul) for __aeabi_dmul
    poly.o(i.__kernel_poly) refers to daddsub_clz.o(x$fpl$dadd) for __aeabi_dadd
    libspace.o(.text) refers to libspace.o(.bss) for __libspace_start
    sys_stackheap_outer.o(.text) refers to libspace.o(.text) for __user_perproc_libspace
    sys_stackheap_outer.o(.text) refers to startup.o(.text) for __user_initial_stackheap
    exit.o(.text) refers to rtexit.o(.ARM.Collect$$rtexit$$00000000) for __rt_exit
    libinit.o(.ARM.Collect$$libinit$$00000000) refers (Special) to libinit2.o(.ARM.Collect$$libinit$$0000002E) for __rt_lib_init_alloca_1
    libinit.o(.ARM.Collect$$libinit$$00000000) refers (Special) to libinit2.o(.ARM.Collect$$libinit$$0000002C) for __rt_lib_init_argv_1
    libinit.o(.ARM.Collect$$libinit$$00000000) refers (Special) to libinit2.o(.ARM.Collect$$libinit$$0000001B) for __rt_lib_init_atexit_1
    libinit.o(.ARM.Collect$$libinit$$00000000) refers (Special) to libinit2.o(.ARM.Collect$$libinit$$00000021) for __rt_lib_init_clock_1
    libinit.o(.ARM.Collect$$libinit$$00000000) refers (Special) to libinit2.o(.ARM.Collect$$libinit$$00000032) for __rt_lib_init_cpp_1
    libinit.o(.ARM.Collect$$libinit$$00000000) refers (Special) to libinit2.o(.ARM.Collect$$libinit$$00000030) for __rt_lib_init_exceptions_1
    libinit.o(.ARM.Collect$$libinit$$00000000) refers (Special) to libinit2.o(.ARM.Collect$$libinit$$00000001) for __rt_lib_init_fp_1
    libinit.o(.ARM.Collect$$libinit$$00000000) refers (Special) to libinit2.o(.ARM.Collect$$libinit$$0000001F) for __rt_lib_init_fp_trap_1
    libinit.o(.ARM.Collect$$libinit$$00000000) refers (Special) to libinit2.o(.ARM.Collect$$libinit$$00000023) for __rt_lib_init_getenv_1
    libinit.o(.ARM.Collect$$libinit$$00000000) refers (Special) to libinit2.o(.ARM.Collect$$libinit$$0000000A) for __rt_lib_init_heap_1
    libinit.o(.ARM.Collect$$libinit$$00000000) refers (Special) to libinit2.o(.ARM.Collect$$libinit$$00000011) for __rt_lib_init_lc_collate_1
    libinit.o(.ARM.Collect$$libinit$$00000000) refers (Special) to libinit2.o(.ARM.Collect$$libinit$$00000013) for __rt_lib_init_lc_ctype_1
    libinit.o(.ARM.Collect$$libinit$$00000000) refers (Special) to libinit2.o(.ARM.Collect$$libinit$$00000015) for __rt_lib_init_lc_monetary_1
    libinit.o(.ARM.Collect$$libinit$$00000000) refers (Special) to libinit2.o(.ARM.Collect$$libinit$$00000017) for __rt_lib_init_lc_numeric_1
    libinit.o(.ARM.Collect$$libinit$$00000000) refers (Special) to libinit2.o(.ARM.Collect$$libinit$$00000019) for __rt_lib_init_lc_time_1
    libinit.o(.ARM.Collect$$libinit$$00000000) refers (Special) to libinit2.o(.ARM.Collect$$libinit$$00000004) for __rt_lib_init_preinit_1
    libinit.o(.ARM.Collect$$libinit$$00000000) refers (Special) to libinit2.o(.ARM.Collect$$libinit$$0000000E) for __rt_lib_init_rand_1
    libinit.o(.ARM.Collect$$libinit$$00000000) refers (Special) to libinit2.o(.ARM.Collect$$libinit$$00000033) for __rt_lib_init_return
    libinit.o(.ARM.Collect$$libinit$$00000000) refers (Special) to libinit2.o(.ARM.Collect$$libinit$$0000001D) for __rt_lib_init_signal_1
    libinit.o(.ARM.Collect$$libinit$$00000000) refers (Special) to libinit2.o(.ARM.Collect$$libinit$$00000025) for __rt_lib_init_stdio_1
    libinit.o(.ARM.Collect$$libinit$$00000000) refers (Special) to libinit2.o(.ARM.Collect$$libinit$$0000000C) for __rt_lib_init_user_alloc_1
    rtexit.o(.ARM.Collect$$rtexit$$00000000) refers (Special) to rtexit2.o(.ARM.Collect$$rtexit$$00000004) for __rt_exit_exit
    rtexit.o(.ARM.Collect$$rtexit$$00000000) refers (Special) to rtexit2.o(.ARM.Collect$$rtexit$$00000003) for __rt_exit_ls
    rtexit.o(.ARM.Collect$$rtexit$$00000000) refers (Special) to rtexit2.o(.ARM.Collect$$rtexit$$00000002) for __rt_exit_prels_1
    rtexit.o(.ARM.exidx) refers (Special) to rtexit2.o(.ARM.Collect$$rtexit$$00000004) for __rt_exit_exit
    rtexit.o(.ARM.exidx) refers (Special) to rtexit2.o(.ARM.Collect$$rtexit$$00000003) for __rt_exit_ls
    rtexit.o(.ARM.exidx) refers (Special) to rtexit2.o(.ARM.Collect$$rtexit$$00000002) for __rt_exit_prels_1
    rtexit.o(.ARM.exidx) refers to rtexit.o(.ARM.Collect$$rtexit$$00000000) for .ARM.Collect$$rtexit$$00000000
    libinit2.o(.ARM.Collect$$libinit$$00000001) refers to fpinit.o(x$fpl$fpinit) for _fp_init
    libinit2.o(.ARM.Collect$$libinit$$00000010) refers to libinit2.o(.ARM.Collect$$libinit$$0000000F) for .ARM.Collect$$libinit$$0000000F
    libinit2.o(.ARM.Collect$$libinit$$00000012) refers to libinit2.o(.ARM.Collect$$libinit$$0000000F) for .ARM.Collect$$libinit$$0000000F
    libinit2.o(.ARM.Collect$$libinit$$00000014) refers to libinit2.o(.ARM.Collect$$libinit$$0000000F) for .ARM.Collect$$libinit$$0000000F
    libinit2.o(.ARM.Collect$$libinit$$00000016) refers to libinit2.o(.ARM.Collect$$libinit$$0000000F) for .ARM.Collect$$libinit$$0000000F
    libinit2.o(.ARM.Collect$$libinit$$00000018) refers to libinit2.o(.ARM.Collect$$libinit$$0000000F) for .ARM.Collect$$libinit$$0000000F
    libinit2.o(.ARM.Collect$$libinit$$00000026) refers to argv_veneer.o(.emb_text) for __ARM_argv_veneer
    libinit2.o(.ARM.Collect$$libinit$$00000027) refers to argv_veneer.o(.emb_text) for __ARM_argv_veneer
    rtexit2.o(.ARM.Collect$$rtexit$$00000003) refers to libshutdown.o(.ARM.Collect$$libshutdown$$00000000) for __rt_lib_shutdown
    rtexit2.o(.ARM.Collect$$rtexit$$00000004) refers to sys_exit.o(.text) for _sys_exit
    rtexit2.o(.ARM.exidx) refers to rtexit2.o(.ARM.Collect$$rtexit$$00000001) for .ARM.Collect$$rtexit$$00000001
    rtexit2.o(.ARM.exidx) refers to rtexit2.o(.ARM.Collect$$rtexit$$00000003) for .ARM.Collect$$rtexit$$00000003
    rtexit2.o(.ARM.exidx) refers to rtexit2.o(.ARM.Collect$$rtexit$$00000004) for .ARM.Collect$$rtexit$$00000004
    argv_veneer.o(.emb_text) refers to no_argv.o(.text) for __ARM_get_argv
    sys_exit.o(.text) refers (Special) to use_no_semi.o(.text) for __I$use$semihosting
    sys_exit.o(.text) refers (Special) to indicate_semi.o(.text) for __semihosting_library_function
    _get_argv_nomalloc.o(.text) refers (Special) to hrguard.o(.text) for __heap_region$guard
    _get_argv_nomalloc.o(.text) refers to defsig_rtmem_outer.o(.text) for __rt_SIGRTMEM
    _get_argv_nomalloc.o(.text) refers to sys_command.o(.text) for _sys_command_string
    libshutdown.o(.ARM.Collect$$libshutdown$$00000000) refers (Special) to libshutdown2.o(.ARM.Collect$$libshutdown$$00000002) for __rt_lib_shutdown_cpp_1
    libshutdown.o(.ARM.Collect$$libshutdown$$00000000) refers (Special) to libshutdown2.o(.ARM.Collect$$libshutdown$$00000007) for __rt_lib_shutdown_fp_trap_1
    libshutdown.o(.ARM.Collect$$libshutdown$$00000000) refers (Special) to libshutdown2.o(.ARM.Collect$$libshutdown$$0000000F) for __rt_lib_shutdown_heap_1
    libshutdown.o(.ARM.Collect$$libshutdown$$00000000) refers (Special) to libshutdown2.o(.ARM.Collect$$libshutdown$$00000010) for __rt_lib_shutdown_return
    libshutdown.o(.ARM.Collect$$libshutdown$$00000000) refers (Special) to libshutdown2.o(.ARM.Collect$$libshutdown$$0000000A) for __rt_lib_shutdown_signal_1
    libshutdown.o(.ARM.Collect$$libshutdown$$00000000) refers (Special) to libshutdown2.o(.ARM.Collect$$libshutdown$$00000004) for __rt_lib_shutdown_stdio_1
    libshutdown.o(.ARM.Collect$$libshutdown$$00000000) refers (Special) to libshutdown2.o(.ARM.Collect$$libshutdown$$0000000C) for __rt_lib_shutdown_user_alloc_1
    sys_command.o(.text) refers (Special) to use_no_semi.o(.text) for __I$use$semihosting
    sys_command.o(.text) refers (Special) to indicate_semi.o(.text) for __semihosting_library_function
    defsig_rtmem_outer.o(.text) refers to defsig_rtmem_inner.o(.text) for __rt_SIGRTMEM_inner
    defsig_rtmem_outer.o(.text) refers to defsig_exit.o(.text) for __sig_exit
    defsig_rtmem_formal.o(.text) refers to rt_raise.o(.text) for __rt_raise
    rt_raise.o(.text) refers to __raise.o(.text) for __raise
    rt_raise.o(.text) refers to sys_exit.o(.text) for _sys_exit
    defsig_exit.o(.text) refers to sys_exit.o(.text) for _sys_exit
    defsig_rtmem_inner.o(.text) refers to defsig_general.o(.text) for __default_signal_display
    __raise.o(.text) refers to defsig.o(CL$$defsig) for __default_signal_handler
    defsig_general.o(.text) refers to sys_wrch.o(.text) for _ttywrch
    sys_wrch.o(.text) refers (Special) to use_no_semi.o(.text) for __I$use$semihosting
    sys_wrch.o(.text) refers (Special) to indicate_semi.o(.text) for __semihosting_library_function
    defsig.o(CL$$defsig) refers to defsig_rtmem_inner.o(.text) for __rt_SIGRTMEM_inner
    defsig_abrt_inner.o(.text) refers to defsig_general.o(.text) for __default_signal_display
    defsig_fpe_inner.o(.text) refers to defsig_general.o(.text) for __default_signal_display
    defsig_rtred_inner.o(.text) refers to defsig_general.o(.text) for __default_signal_display
    defsig_stak_inner.o(.text) refers to defsig_general.o(.text) for __default_signal_display
    defsig_pvfn_inner.o(.text) refers to defsig_general.o(.text) for __default_signal_display
    defsig_cppl_inner.o(.text) refers to defsig_general.o(.text) for __default_signal_display
    defsig_segv_inner.o(.text) refers to defsig_general.o(.text) for __default_signal_display
    defsig_other.o(.text) refers to defsig_general.o(.text) for __default_signal_display


==============================================================================

Removing Unused input sections from the image.

    Removing timers.o(i.Timer2A_Init10kHzInt), (120 bytes).
    Removing st7735.o(i.Output_Clear), (32 bytes).
    Removing st7735.o(i.Output_Color), (12 bytes).
    Removing st7735.o(i.Output_Off), (32 bytes).
    Removing st7735.o(i.Output_On), (4 bytes).
    Removing st7735.o(i.ST7735_Color565), (20 bytes).
    Removing st7735.o(i.ST7735_DrawChar), (396 bytes).
    Removing st7735.o(i.ST7735_DrawFastHLine), (116 bytes).
    Removing st7735.o(i.ST7735_DrawFastVLine), (116 bytes).
    Removing st7735.o(i.ST7735_DrawString), (96 bytes).
    Removing st7735.o(i.ST7735_FillScreen), (28 bytes).
    Removing st7735.o(i.ST7735_InitB), (52 bytes).
    Removing st7735.o(i.ST7735_InvertDisplay), (80 bytes).
    Removing st7735.o(i.ST7735_PlotBar), (68 bytes).
    Removing st7735.o(i.ST7735_PlotClear), (52 bytes).
    Removing st7735.o(i.ST7735_PlotLine), (220 bytes).
    Removing st7735.o(i.ST7735_PlotNext), (20 bytes).
    Removing st7735.o(i.ST7735_PlotNextErase), (36 bytes).
    Removing st7735.o(i.ST7735_PlotPoint), (132 bytes).
    Removing st7735.o(i.ST7735_PlotPoints), (140 bytes).
    Removing st7735.o(i.ST7735_PlotdBfs), (52 bytes).
    Removing st7735.o(i.ST7735_SetRotation), (240 bytes).
    Removing st7735.o(i.ST7735_SetTextColor), (12 bytes).
    Removing st7735.o(i.ST7735_SwapColor), (16 bytes).
    Removing st7735.o(i.ST7735_plotInit), (216 bytes).
    Removing st7735.o(i.ST7735_plotPmf), (356 bytes).
    Removing st7735.o(i.setPlotParams), (16 bytes).
    Removing st7735.o(i.swap), (10 bytes).
    Removing clockmain.o(i.DelayWait10ms), (56 bytes).
    Removing clockmain.o(i.initPortFDebug), (100 bytes).
    Removing clock.o(i.getClockState), (28 bytes).
    Removing clock.o(i.snooze), (16 bytes).
    Removing speaker.o(i.setFreq), (44 bytes).
    Removing uart.o(i.Output_Init), (120 bytes).
    Removing uart.o(i.UART_InChar), (20 bytes).
    Removing uart.o(i.UART_InString), (112 bytes).
    Removing uart.o(i.UART_InUDec), (120 bytes).
    Removing uart.o(i.UART_InUHex), (132 bytes).
    Removing uart.o(i.UART_OutChar), (20 bytes).
    Removing uart.o(i.UART_OutString), (36 bytes).
    Removing uart.o(i.UART_OutUDec), (60 bytes).
    Removing uart.o(i.UART_OutUHex), (64 bytes).
    Removing uart.o(i.ferror), (6 bytes).
    Removing uart.o(i.fgetc), (32 bytes).
    Removing uart.o(i.fputc), (60 bytes).

45 unused section(s) (total 3716 bytes) removed from the image.

==============================================================================

Image Symbol Table

    Local Symbols

    Symbol Name                              Value     Ov Type        Size  Object(Section)

    RESET                                    0x00000000   Section      660  startup.o(RESET)
    ../clib/angel/boardlib.s                 0x00000000   Number         0  boardshut.o ABSOLUTE
    ../clib/angel/boardlib.s                 0x00000000   Number         0  boardinit2.o ABSOLUTE
    ../clib/angel/boardlib.s                 0x00000000   Number         0  boardinit1.o ABSOLUTE
    ../clib/angel/boardlib.s                 0x00000000   Number         0  boardinit3.o ABSOLUTE
    ../clib/angel/handlers.s                 0x00000000   Number         0  __scatter_zi.o ABSOLUTE
    ../clib/angel/handlers.s                 0x00000000   Number         0  __scatter_copy.o ABSOLUTE
    ../clib/angel/kernel.s                   0x00000000   Number         0  rtexit2.o ABSOLUTE
    ../clib/angel/kernel.s                   0x00000000   Number         0  rtexit.o ABSOLUTE
    ../clib/angel/kernel.s                   0x00000000   Number         0  __rtentry.o ABSOLUTE
    ../clib/angel/kernel.s                   0x00000000   Number         0  __rtentry2.o ABSOLUTE
    ../clib/angel/kernel.s                   0x00000000   Number         0  __rtentry4.o ABSOLUTE
    ../clib/angel/rt.s                       0x00000000   Number         0  rt_raise.o ABSOLUTE
    ../clib/angel/rt.s                       0x00000000   Number         0  rt_errno_addr_intlibspace.o ABSOLUTE
    ../clib/angel/rt.s                       0x00000000   Number         0  rt_errno_addr.o ABSOLUTE
    ../clib/angel/scatter.s                  0x00000000   Number         0  __scatter.o ABSOLUTE
    ../clib/angel/startup.s                  0x00000000   Number         0  __main.o ABSOLUTE
    ../clib/angel/sys.s                      0x00000000   Number         0  sys_stackheap_outer.o ABSOLUTE
    ../clib/angel/sys.s                      0x00000000   Number         0  use_no_semi.o ABSOLUTE
    ../clib/angel/sys.s                      0x00000000   Number         0  indicate_semi.o ABSOLUTE
    ../clib/angel/sys.s                      0x00000000   Number         0  libspace.o ABSOLUTE
    ../clib/angel/sysapp.c                   0x00000000   Number         0  sys_command.o ABSOLUTE
    ../clib/angel/sysapp.c                   0x00000000   Number         0  sys_exit.o ABSOLUTE
    ../clib/angel/sysapp.c                   0x00000000   Number         0  sys_wrch.o ABSOLUTE
    ../clib/armsys.c                         0x00000000   Number         0  argv_veneer.o ABSOLUTE
    ../clib/armsys.c                         0x00000000   Number         0  no_argv.o ABSOLUTE
    ../clib/armsys.c                         0x00000000   Number         0  argv_veneer.o ABSOLUTE
    ../clib/armsys.c                         0x00000000   Number         0  _get_argv_nomalloc.o ABSOLUTE
    ../clib/fenv.c                           0x00000000   Number         0  _rserrno.o ABSOLUTE
    ../clib/heapalloc.c                      0x00000000   Number         0  hrguard.o ABSOLUTE
    ../clib/heapaux.c                        0x00000000   Number         0  heapauxi.o ABSOLUTE
    ../clib/libinit.s                        0x00000000   Number         0  libinit.o ABSOLUTE
    ../clib/libinit.s                        0x00000000   Number         0  libshutdown.o ABSOLUTE
    ../clib/libinit.s                        0x00000000   Number         0  libshutdown2.o ABSOLUTE
    ../clib/libinit.s                        0x00000000   Number         0  libinit2.o ABSOLUTE
    ../clib/memcpset.s                       0x00000000   Number         0  rt_memclr.o ABSOLUTE
    ../clib/memcpset.s                       0x00000000   Number         0  rt_memclr_w.o ABSOLUTE
    ../clib/signal.c                         0x00000000   Number         0  defsig_stak_inner.o ABSOLUTE
    ../clib/signal.c                         0x00000000   Number         0  defsig_rtred_inner.o ABSOLUTE
    ../clib/signal.c                         0x00000000   Number         0  defsig_fpe_inner.o ABSOLUTE
    ../clib/signal.c                         0x00000000   Number         0  defsig_abrt_inner.o ABSOLUTE
    ../clib/signal.c                         0x00000000   Number         0  defsig_cppl_inner.o ABSOLUTE
    ../clib/signal.c                         0x00000000   Number         0  defsig_pvfn_inner.o ABSOLUTE
    ../clib/signal.c                         0x00000000   Number         0  defsig_general.o ABSOLUTE
    ../clib/signal.c                         0x00000000   Number         0  __raise.o ABSOLUTE
    ../clib/signal.c                         0x00000000   Number         0  defsig_segv_inner.o ABSOLUTE
    ../clib/signal.c                         0x00000000   Number         0  defsig_rtmem_inner.o ABSOLUTE
    ../clib/signal.c                         0x00000000   Number         0  defsig_exit.o ABSOLUTE
    ../clib/signal.c                         0x00000000   Number         0  defsig_other.o ABSOLUTE
    ../clib/signal.c                         0x00000000   Number         0  defsig_rtmem_outer.o ABSOLUTE
    ../clib/signal.c                         0x00000000   Number         0  defsig_rtmem_formal.o ABSOLUTE
    ../clib/signal.s                         0x00000000   Number         0  defsig.o ABSOLUTE
    ../clib/stdlib.c                         0x00000000   Number         0  exit.o ABSOLUTE
    ../fplib/basic.s                         0x00000000   Number         0  basic.o ABSOLUTE
    ../fplib/daddsub.s                       0x00000000   Number         0  daddsub_clz.o ABSOLUTE
    ../fplib/ddiv.s                          0x00000000   Number         0  ddiv.o ABSOLUTE
    ../fplib/dfix.s                          0x00000000   Number         0  dfix.o ABSOLUTE
    ../fplib/dflt.s                          0x00000000   Number         0  dflt_clz.o ABSOLUTE
    ../fplib/dmul.s                          0x00000000   Number         0  dmul.o ABSOLUTE
    ../fplib/dnaninf.s                       0x00000000   Number         0  dnaninf.o ABSOLUTE
    ../fplib/dretinf.s                       0x00000000   Number         0  dretinf.o ABSOLUTE
    ../fplib/fpinit.s                        0x00000000   Number         0  fpinit.o ABSOLUTE
    ../fplib/usenofp.s                       0x00000000   Number         0  usenofp.o ABSOLUTE
    ../mathlib/cos.c                         0x00000000   Number         0  cos.o ABSOLUTE
    ../mathlib/cos.c                         0x00000000   Number         0  cos_x.o ABSOLUTE
    ../mathlib/cos_i.c                       0x00000000   Number         0  cos_i.o ABSOLUTE
    ../mathlib/dunder.c                      0x00000000   Number         0  dunder.o ABSOLUTE
    ../mathlib/fabs.c                        0x00000000   Number         0  fabs.o ABSOLUTE
    ../mathlib/fpclassify.c                  0x00000000   Number         0  fpclassify.o ABSOLUTE
    ../mathlib/poly.c                        0x00000000   Number         0  poly.o ABSOLUTE
    ../mathlib/rred.c                        0x00000000   Number         0  rred.o ABSOLUTE
    ../mathlib/sin.c                         0x00000000   Number         0  sin.o ABSOLUTE
    ../mathlib/sin.c                         0x00000000   Number         0  sin_x.o ABSOLUTE
    ../mathlib/sin_i.c                       0x00000000   Number         0  sin_i.o ABSOLUTE
    ../mathlib/sin_i.c                       0x00000000   Number         0  sin_i_x.o ABSOLUTE
    ..\inc\PLL.c                             0x00000000   Number         0  pll.o ABSOLUTE
    ..\inc\UART.c                            0x00000000   Number         0  uart.o ABSOLUTE
    Clock.c                                  0x00000000   Number         0  clock.o ABSOLUTE
    ClockMain.c                              0x00000000   Number         0  clockmain.o ABSOLUTE
    ST7735.c                                 0x00000000   Number         0  st7735.o ABSOLUTE
    buttonDriver.c                           0x00000000   Number         0  buttondriver.o ABSOLUTE
    dc.s                                     0x00000000   Number         0  dc.o ABSOLUTE
    speaker.c                                0x00000000   Number         0  speaker.o ABSOLUTE
    startup.s                                0x00000000   Number         0  startup.o ABSOLUTE
    timers.c                                 0x00000000   Number         0  timers.o ABSOLUTE
    $v0                                      0x0000026c   Number         0  startup.o(RESET)
    !!!main                                  0x00000294   Section        8  __main.o(!!!main)
    !!!scatter                               0x0000029c   Section       52  __scatter.o(!!!scatter)
    !!handler_copy                           0x000002d0   Section       26  __scatter_copy.o(!!handler_copy)
    !!handler_zi                             0x000002ec   Section       28  __scatter_zi.o(!!handler_zi)
    .ARM.Collect$$libinit$$00000000          0x00000308   Section        2  libinit.o(.ARM.Collect$$libinit$$00000000)
    .ARM.Collect$$libinit$$00000001          0x0000030a   Section        4  libinit2.o(.ARM.Collect$$libinit$$00000001)
    .ARM.Collect$$libinit$$00000004          0x0000030e   Section        0  libinit2.o(.ARM.Collect$$libinit$$00000004)
    .ARM.Collect$$libinit$$0000000A          0x0000030e   Section        0  libinit2.o(.ARM.Collect$$libinit$$0000000A)
    .ARM.Collect$$libinit$$0000000C          0x0000030e   Section        0  libinit2.o(.ARM.Collect$$libinit$$0000000C)
    .ARM.Collect$$libinit$$0000000E          0x0000030e   Section        0  libinit2.o(.ARM.Collect$$libinit$$0000000E)
    .ARM.Collect$$libinit$$00000011          0x0000030e   Section        0  libinit2.o(.ARM.Collect$$libinit$$00000011)
    .ARM.Collect$$libinit$$00000013          0x0000030e   Section        0  libinit2.o(.ARM.Collect$$libinit$$00000013)
    .ARM.Collect$$libinit$$00000015          0x0000030e   Section        0  libinit2.o(.ARM.Collect$$libinit$$00000015)
    .ARM.Collect$$libinit$$00000017          0x0000030e   Section        0  libinit2.o(.ARM.Collect$$libinit$$00000017)
    .ARM.Collect$$libinit$$00000019          0x0000030e   Section        0  libinit2.o(.ARM.Collect$$libinit$$00000019)
    .ARM.Collect$$libinit$$0000001B          0x0000030e   Section        0  libinit2.o(.ARM.Collect$$libinit$$0000001B)
    .ARM.Collect$$libinit$$0000001D          0x0000030e   Section        0  libinit2.o(.ARM.Collect$$libinit$$0000001D)
    .ARM.Collect$$libinit$$0000001F          0x0000030e   Section        0  libinit2.o(.ARM.Collect$$libinit$$0000001F)
    .ARM.Collect$$libinit$$00000021          0x0000030e   Section        0  libinit2.o(.ARM.Collect$$libinit$$00000021)
    .ARM.Collect$$libinit$$00000023          0x0000030e   Section        0  libinit2.o(.ARM.Collect$$libinit$$00000023)
    .ARM.Collect$$libinit$$00000025          0x0000030e   Section        0  libinit2.o(.ARM.Collect$$libinit$$00000025)
    .ARM.Collect$$libinit$$0000002C          0x0000030e   Section        0  libinit2.o(.ARM.Collect$$libinit$$0000002C)
    .ARM.Collect$$libinit$$0000002E          0x0000030e   Section        0  libinit2.o(.ARM.Collect$$libinit$$0000002E)
    .ARM.Collect$$libinit$$00000030          0x0000030e   Section        0  libinit2.o(.ARM.Collect$$libinit$$00000030)
    .ARM.Collect$$libinit$$00000032          0x0000030e   Section        0  libinit2.o(.ARM.Collect$$libinit$$00000032)
    .ARM.Collect$$libinit$$00000033          0x0000030e   Section        2  libinit2.o(.ARM.Collect$$libinit$$00000033)
    .ARM.Collect$$libshutdown$$00000000      0x00000310   Section        2  libshutdown.o(.ARM.Collect$$libshutdown$$00000000)
    .ARM.Collect$$libshutdown$$00000002      0x00000312   Section        0  libshutdown2.o(.ARM.Collect$$libshutdown$$00000002)
    .ARM.Collect$$libshutdown$$00000004      0x00000312   Section        0  libshutdown2.o(.ARM.Collect$$libshutdown$$00000004)
    .ARM.Collect$$libshutdown$$00000007      0x00000312   Section        0  libshutdown2.o(.ARM.Collect$$libshutdown$$00000007)
    .ARM.Collect$$libshutdown$$0000000A      0x00000312   Section        0  libshutdown2.o(.ARM.Collect$$libshutdown$$0000000A)
    .ARM.Collect$$libshutdown$$0000000C      0x00000312   Section        0  libshutdown2.o(.ARM.Collect$$libshutdown$$0000000C)
    .ARM.Collect$$libshutdown$$0000000F      0x00000312   Section        0  libshutdown2.o(.ARM.Collect$$libshutdown$$0000000F)
    .ARM.Collect$$libshutdown$$00000010      0x00000312   Section        2  libshutdown2.o(.ARM.Collect$$libshutdown$$00000010)
    .ARM.Collect$$rtentry$$00000000          0x00000314   Section        0  __rtentry.o(.ARM.Collect$$rtentry$$00000000)
    .ARM.Collect$$rtentry$$00000002          0x00000314   Section        0  __rtentry2.o(.ARM.Collect$$rtentry$$00000002)
    .ARM.Collect$$rtentry$$00000004          0x00000314   Section        6  __rtentry4.o(.ARM.Collect$$rtentry$$00000004)
    .ARM.Collect$$rtentry$$00000009          0x0000031a   Section        0  __rtentry2.o(.ARM.Collect$$rtentry$$00000009)
    .ARM.Collect$$rtentry$$0000000A          0x0000031a   Section        4  __rtentry2.o(.ARM.Collect$$rtentry$$0000000A)
    .ARM.Collect$$rtentry$$0000000C          0x0000031e   Section        0  __rtentry2.o(.ARM.Collect$$rtentry$$0000000C)
    .ARM.Collect$$rtentry$$0000000D          0x0000031e   Section        8  __rtentry2.o(.ARM.Collect$$rtentry$$0000000D)
    .ARM.Collect$$rtexit$$00000000           0x00000326   Section        2  rtexit.o(.ARM.Collect$$rtexit$$00000000)
    .ARM.Collect$$rtexit$$00000002           0x00000328   Section        0  rtexit2.o(.ARM.Collect$$rtexit$$00000002)
    .ARM.Collect$$rtexit$$00000003           0x00000328   Section        4  rtexit2.o(.ARM.Collect$$rtexit$$00000003)
    .ARM.Collect$$rtexit$$00000004           0x0000032c   Section        6  rtexit2.o(.ARM.Collect$$rtexit$$00000004)
    .text                                    0x00000334   Section       48  startup.o(.text)
    $v0                                      0x00000334   Number         0  startup.o(.text)
    .text                                    0x00000364   Section        0  heapauxi.o(.text)
    .text                                    0x0000036a   Section        0  _rserrno.o(.text)
    .text                                    0x00000380   Section        8  rt_errno_addr_intlibspace.o(.text)
    .text                                    0x00000388   Section        8  libspace.o(.text)
    .text                                    0x00000390   Section       74  sys_stackheap_outer.o(.text)
    .text                                    0x000003da   Section        0  exit.o(.text)
    .text                                    0x000003ec   Section        0  sys_exit.o(.text)
    .text                                    0x000003f8   Section        2  use_no_semi.o(.text)
    .text                                    0x000003fa   Section        0  indicate_semi.o(.text)
    i.Delay1ms                               0x000003fc   Section        0  st7735.o(i.Delay1ms)
    i.PLL_Init                               0x00000430   Section        0  pll.o(i.PLL_Init)
    i.ST7735_DrawBitmap                      0x00000490   Section        0  st7735.o(i.ST7735_DrawBitmap)
    i.ST7735_DrawCharS                       0x000005b0   Section        0  st7735.o(i.ST7735_DrawCharS)
    i.ST7735_DrawLine                        0x000006a4   Section        0  st7735.o(i.ST7735_DrawLine)
    i.ST7735_DrawPixel                       0x00000748   Section        0  st7735.o(i.ST7735_DrawPixel)
    i.ST7735_FillRect                        0x000007b4   Section        0  st7735.o(i.ST7735_FillRect)
    i.ST7735_InitR                           0x00000860   Section        0  st7735.o(i.ST7735_InitR)
    i.ST7735_OutChar                         0x00000908   Section        0  st7735.o(i.ST7735_OutChar)
    i.ST7735_OutString                       0x00000a0c   Section        0  st7735.o(i.ST7735_OutString)
    i.ST7735_OutUDec                         0x00000afc   Section        0  st7735.o(i.ST7735_OutUDec)
    i.ST7735_SetCursor                       0x00000bd0   Section        0  st7735.o(i.ST7735_SetCursor)
    i.Timer0A_Handler                        0x00000be4   Section        0  timers.o(i.Timer0A_Handler)
    i.Timer0A_Init1HzInt                     0x00000bf8   Section        0  timers.o(i.Timer0A_Init1HzInt)
    i.Timer1A_Handler                        0x00000c6c   Section        0  timers.o(i.Timer1A_Handler)
    i.Timer1_Init                            0x00000c80   Section        0  timers.o(i.Timer1_Init)
    i.Timer2A_Handler                        0x00000cf4   Section        0  timers.o(i.Timer2A_Handler)
    i.Timer3A_Handler                        0x00000d08   Section        0  timers.o(i.Timer3A_Handler)
    i.Timer3A_Init10kHzInt                   0x00000d1c   Section        0  timers.o(i.Timer3A_Init10kHzInt)
    i.UART_Init                              0x00000d94   Section        0  uart.o(i.UART_Init)
    i.__ARM_fpclassify                       0x00000e0c   Section        0  fpclassify.o(i.__ARM_fpclassify)
    i.__hardfp_cos                           0x00000e40   Section        0  cos.o(i.__hardfp_cos)
    i.__hardfp_sin                           0x00000f08   Section        0  sin.o(i.__hardfp_sin)
    i.__ieee754_rem_pio2                     0x00000fd0   Section        0  rred.o(i.__ieee754_rem_pio2)
    i.__kernel_cos                           0x00001408   Section        0  cos_i.o(i.__kernel_cos)
    i.__kernel_poly                          0x00001578   Section        0  poly.o(i.__kernel_poly)
    i.__kernel_sin                           0x00001670   Section        0  sin_i.o(i.__kernel_sin)
    i.__mathlib_dbl_infnan                   0x000017a0   Section        0  dunder.o(i.__mathlib_dbl_infnan)
    i.__mathlib_dbl_invalid                  0x000017b8   Section        0  dunder.o(i.__mathlib_dbl_invalid)
    i.__mathlib_dbl_underflow                0x000017d8   Section        0  dunder.o(i.__mathlib_dbl_underflow)
    i.buttonInit                             0x000017f8   Section        0  buttondriver.o(i.buttonInit)
    i.buttonLogic                            0x00001858   Section        0  clockmain.o(i.buttonLogic)
    i.clearSet                               0x000018b4   Section        0  clock.o(i.clearSet)
    i.clockInit                              0x000018d0   Section        0  clock.o(i.clockInit)
    i.commandList                            0x000018f4   Section        0  st7735.o(i.commandList)
    commandList                              0x000018f5   Thumb Code   184  st7735.o(i.commandList)
    i.commonInit                             0x000019b0   Section        0  st7735.o(i.commonInit)
    commonInit                               0x000019b1   Thumb Code   300  st7735.o(i.commonInit)
    i.displayAlarm                           0x00001b04   Section        0  clock.o(i.displayAlarm)
    i.displayClock                           0x00001b60   Section        0  clock.o(i.displayClock)
    i.fabs                                   0x00001ddc   Section        0  fabs.o(i.fabs)
    i.fillmessage                            0x00001df4   Section        0  st7735.o(i.fillmessage)
    i.getStale                               0x00001e38   Section        0  clock.o(i.getStale)
    i.isArmed                                0x00001e44   Section        0  clock.o(i.isArmed)
    i.main                                   0x00001e50   Section        0  clockmain.o(i.main)
    i.pollButton                             0x00001f78   Section        0  buttondriver.o(i.pollButton)
    i.setAddrWindow                          0x00001f94   Section        0  st7735.o(i.setAddrWindow)
    setAddrWindow                            0x00001f95   Thumb Code   300  st7735.o(i.setAddrWindow)
    i.speakerInit                            0x000020c8   Section        0  speaker.o(i.speakerInit)
    i.speakerStart                           0x0000215c   Section        0  speaker.o(i.speakerStart)
    i.speakerStop                            0x0000216c   Section        0  speaker.o(i.speakerStop)
    i.speakerWork                            0x0000217c   Section        0  speaker.o(i.speakerWork)
    i.tickClock                              0x00002204   Section        0  clock.o(i.tickClock)
    i.toggleAlarm                            0x0000226c   Section        0  clock.o(i.toggleAlarm)
    i.updateClock                            0x000022c4   Section        0  clock.o(i.updateClock)
    x$fpl$basic                              0x000022f0   Section       24  basic.o(x$fpl$basic)
    $v0                                      0x000022f0   Number         0  basic.o(x$fpl$basic)
    x$fpl$dadd                               0x00002308   Section      336  daddsub_clz.o(x$fpl$dadd)
    $v0                                      0x00002308   Number         0  daddsub_clz.o(x$fpl$dadd)
    _dadd1                                   0x00002319   Thumb Code     0  daddsub_clz.o(x$fpl$dadd)
    x$fpl$ddiv                               0x00002458   Section      688  ddiv.o(x$fpl$ddiv)
    $v0                                      0x00002458   Number         0  ddiv.o(x$fpl$ddiv)
    ddiv_entry                               0x0000245f   Thumb Code     0  ddiv.o(x$fpl$ddiv)
    x$fpl$dfix                               0x00002708   Section       94  dfix.o(x$fpl$dfix)
    $v0                                      0x00002708   Number         0  dfix.o(x$fpl$dfix)
    x$fpl$dflt                               0x00002766   Section       46  dflt_clz.o(x$fpl$dflt)
    $v0                                      0x00002766   Number         0  dflt_clz.o(x$fpl$dflt)
    x$fpl$dfltu                              0x00002794   Section       38  dflt_clz.o(x$fpl$dfltu)
    $v0                                      0x00002794   Number         0  dflt_clz.o(x$fpl$dfltu)
    x$fpl$dmul                               0x000027bc   Section      340  dmul.o(x$fpl$dmul)
    $v0                                      0x000027bc   Number         0  dmul.o(x$fpl$dmul)
    x$fpl$dnaninf                            0x00002910   Section      156  dnaninf.o(x$fpl$dnaninf)
    $v0                                      0x00002910   Number         0  dnaninf.o(x$fpl$dnaninf)
    x$fpl$dretinf                            0x000029ac   Section       12  dretinf.o(x$fpl$dretinf)
    $v0                                      0x000029ac   Number         0  dretinf.o(x$fpl$dretinf)
    x$fpl$drsb                               0x000029b8   Section       22  daddsub_clz.o(x$fpl$drsb)
    $v0                                      0x000029b8   Number         0  daddsub_clz.o(x$fpl$drsb)
    x$fpl$dsub                               0x000029d0   Section      468  daddsub_clz.o(x$fpl$dsub)
    $v0                                      0x000029d0   Number         0  daddsub_clz.o(x$fpl$dsub)
    _dsub1                                   0x000029e1   Thumb Code     0  daddsub_clz.o(x$fpl$dsub)
    x$fpl$fpinit                             0x00002ba4   Section       10  fpinit.o(x$fpl$fpinit)
    $v0                                      0x00002ba4   Number         0  fpinit.o(x$fpl$fpinit)
    .constdata                               0x00002bae   Section     2018  st7735.o(.constdata)
    x$fpl$usenofp                            0x00002bae   Section        0  usenofp.o(x$fpl$usenofp)
    Font                                     0x00002bae   Data        1275  st7735.o(.constdata)
    Bcmd                                     0x000030a9   Data         103  st7735.o(.constdata)
    Rcmd1                                    0x00003110   Data          59  st7735.o(.constdata)
    Rcmd2green                               0x0000314b   Data          13  st7735.o(.constdata)
    Rcmd2red                                 0x00003158   Data          13  st7735.o(.constdata)
    Rcmd3                                    0x00003165   Data          43  st7735.o(.constdata)
    .constdata                               0x00003390   Section    12800  clock.o(.constdata)
    .constdata                               0x00006590   Section       48  cos_i.o(.constdata)
    C                                        0x00006590   Data          48  cos_i.o(.constdata)
    .constdata                               0x000065c0   Section      200  rred.o(.constdata)
    pio2s                                    0x000065c0   Data          48  rred.o(.constdata)
    twooverpi                                0x000065f0   Data         152  rred.o(.constdata)
    .constdata                               0x00006688   Section       40  sin_i.o(.constdata)
    S                                        0x00006688   Data          40  sin_i.o(.constdata)
    .data                                    0x20000000   Section       16  timers.o(.data)
    .data                                    0x20000010   Section       44  st7735.o(.data)
    ColStart                                 0x20000010   Data           1  st7735.o(.data)
    RowStart                                 0x20000011   Data           1  st7735.o(.data)
    Rotation                                 0x20000012   Data           1  st7735.o(.data)
    TabColor                                 0x20000013   Data           1  st7735.o(.data)
    _width                                   0x20000016   Data           2  st7735.o(.data)
    _height                                  0x20000018   Data           2  st7735.o(.data)
    .data                                    0x2000003c   Section        5  clockmain.o(.data)
    .data                                    0x20000041   Section        1  buttondriver.o(.data)
    INPUT_MASK                               0x20000041   Data           1  buttondriver.o(.data)
    .data                                    0x20000042   Section       18  clock.o(.data)
    minutes                                  0x20000042   Data           1  clock.o(.data)
    hours                                    0x20000043   Data           1  clock.o(.data)
    sec                                      0x20000044   Data           1  clock.o(.data)
    armed                                    0x20000045   Data           1  clock.o(.data)
    isStale                                  0x20000046   Data           1  clock.o(.data)
    CenterX                                  0x20000048   Data           2  clock.o(.data)
    CenterY                                  0x2000004a   Data           2  clock.o(.data)
    Rad                                      0x2000004c   Data           2  clock.o(.data)
    RadH                                     0x2000004e   Data           2  clock.o(.data)
    alarmH                                   0x20000050   Data           2  clock.o(.data)
    alarmM                                   0x20000052   Data           2  clock.o(.data)
    .data                                    0x20000054   Section       32  speaker.o(.data)
    counter                                  0x20000054   Data           4  speaker.o(.data)
    index                                    0x20000058   Data           4  speaker.o(.data)
    ALARM_SONG                               0x2000005c   Data          24  speaker.o(.data)
    .bss                                     0x20000074   Section     8220  st7735.o(.bss)
    .bss                                     0x20002090   Section       96  libspace.o(.bss)
    HEAP                                     0x200020f0   Section        0  startup.o(HEAP)
    STACK                                    0x200020f0   Section     1024  startup.o(STACK)
    HeapMem                                  0x200020f0   Data           0  startup.o(HEAP)
    StackMem                                 0x200020f0   Data           0  startup.o(STACK)

    Global Symbols

    Symbol Name                              Value     Ov Type        Size  Object(Section)

    BuildAttributes$$THM_ISAv4$E$P$D$K$B$S$7EM$VFPi3$EXTD16$VFPS$VFMA$PE$A:L22UL41UL21$X:L11$S22US41US21$IEEE1$IW$USESV6$~STKCKD$USESV7$~SHL$OTIME$ROPI$IEEEX$EBA8$UX$STANDARDLIB$REQ8$PRES8$EABIv2 0x00000000   Number         0  anon$$obj.o ABSOLUTE
    __ARM_use_no_argv                        0x00000000   Number         0  clockmain.o ABSOLUTE
    __Vectors                                0x00000000   Data           0  startup.o(RESET)
    __ARM_exceptions_init                     - Undefined Weak Reference
    __alloca_initialize                       - Undefined Weak Reference
    __arm_preinit_                            - Undefined Weak Reference
    __cpp_initialize__aeabi_                  - Undefined Weak Reference
    __cxa_finalize                            - Undefined Weak Reference
    __rt_locale                               - Undefined Weak Reference
    __sigvec_lookup                           - Undefined Weak Reference
    _atexit_init                              - Undefined Weak Reference
    _call_atexit_fns                          - Undefined Weak Reference
    _clock_init                               - Undefined Weak Reference
    _fp_trap_init                             - Undefined Weak Reference
    _fp_trap_shutdown                         - Undefined Weak Reference
    _get_lc_collate                           - Undefined Weak Reference
    _get_lc_ctype                             - Undefined Weak Reference
    _get_lc_monetary                          - Undefined Weak Reference
    _get_lc_numeric                           - Undefined Weak Reference
    _get_lc_time                              - Undefined Weak Reference
    _getenv_init                              - Undefined Weak Reference
    _handle_redirection                       - Undefined Weak Reference
    _init_alloc                               - Undefined Weak Reference
    _init_user_alloc                          - Undefined Weak Reference
    _initio                                   - Undefined Weak Reference
    _rand_init                                - Undefined Weak Reference
    _signal_finish                            - Undefined Weak Reference
    _signal_init                              - Undefined Weak Reference
    _terminate_alloc                          - Undefined Weak Reference
    _terminate_user_alloc                     - Undefined Weak Reference
    _terminateio                              - Undefined Weak Reference
    Reset_Handler                            0x0000026d   Thumb Code     0  startup.o(RESET)
    NMI_Handler                              0x00000281   Thumb Code     2  startup.o(RESET)
    HardFault_Handler                        0x00000283   Thumb Code     2  startup.o(RESET)
    MemManage_Handler                        0x00000285   Thumb Code     2  startup.o(RESET)
    BusFault_Handler                         0x00000287   Thumb Code     2  startup.o(RESET)
    UsageFault_Handler                       0x00000289   Thumb Code     2  startup.o(RESET)
    SVC_Handler                              0x0000028b   Thumb Code     2  startup.o(RESET)
    DebugMon_Handler                         0x0000028d   Thumb Code     2  startup.o(RESET)
    PendSV_Handler                           0x0000028f   Thumb Code     2  startup.o(RESET)
    SysTick_Handler                          0x00000291   Thumb Code     2  startup.o(RESET)
    ADC0Seq0_Handler                         0x00000293   Thumb Code     0  startup.o(RESET)
    ADC0Seq1_Handler                         0x00000293   Thumb Code     0  startup.o(RESET)
    ADC0Seq2_Handler                         0x00000293   Thumb Code     0  startup.o(RESET)
    ADC0Seq3_Handler                         0x00000293   Thumb Code     0  startup.o(RESET)
    ADC1Seq0_Handler                         0x00000293   Thumb Code     0  startup.o(RESET)
    ADC1Seq1_Handler                         0x00000293   Thumb Code     0  startup.o(RESET)
    ADC1Seq2_Handler                         0x00000293   Thumb Code     0  startup.o(RESET)
    ADC1Seq3_Handler                         0x00000293   Thumb Code     0  startup.o(RESET)
    CAN0_Handler                             0x00000293   Thumb Code     0  startup.o(RESET)
    CAN1_Handler                             0x00000293   Thumb Code     0  startup.o(RESET)
    CAN2_Handler                             0x00000293   Thumb Code     0  startup.o(RESET)
    Comp0_Handler                            0x00000293   Thumb Code     0  startup.o(RESET)
    Comp1_Handler                            0x00000293   Thumb Code     0  startup.o(RESET)
    Comp2_Handler                            0x00000293   Thumb Code     0  startup.o(RESET)
    Ethernet_Handler                         0x00000293   Thumb Code     0  startup.o(RESET)
    ExtBus_Handler                           0x00000293   Thumb Code     0  startup.o(RESET)
    FPU_Handler                              0x00000293   Thumb Code     0  startup.o(RESET)
    Fan0_Handler                             0x00000293   Thumb Code     0  startup.o(RESET)
    FlashCtl_Handler                         0x00000293   Thumb Code     0  startup.o(RESET)
    GPIOPortA_Handler                        0x00000293   Thumb Code     0  startup.o(RESET)
    GPIOPortB_Handler                        0x00000293   Thumb Code     0  startup.o(RESET)
    GPIOPortC_Handler                        0x00000293   Thumb Code     0  startup.o(RESET)
    GPIOPortD_Handler                        0x00000293   Thumb Code     0  startup.o(RESET)
    GPIOPortE_Handler                        0x00000293   Thumb Code     0  startup.o(RESET)
    GPIOPortF_Handler                        0x00000293   Thumb Code     0  startup.o(RESET)
    GPIOPortG_Handler                        0x00000293   Thumb Code     0  startup.o(RESET)
    GPIOPortH_Handler                        0x00000293   Thumb Code     0  startup.o(RESET)
    GPIOPortJ_Handler                        0x00000293   Thumb Code     0  startup.o(RESET)
    GPIOPortK_Handler                        0x00000293   Thumb Code     0  startup.o(RESET)
    GPIOPortL_Handler                        0x00000293   Thumb Code     0  startup.o(RESET)
    GPIOPortM_Handler                        0x00000293   Thumb Code     0  startup.o(RESET)
    GPIOPortN_Handler                        0x00000293   Thumb Code     0  startup.o(RESET)
    GPIOPortP1_Handler                       0x00000293   Thumb Code     0  startup.o(RESET)
    GPIOPortP2_Handler                       0x00000293   Thumb Code     0  startup.o(RESET)
    GPIOPortP3_Handler                       0x00000293   Thumb Code     0  startup.o(RESET)
    GPIOPortP4_Handler                       0x00000293   Thumb Code     0  startup.o(RESET)
    GPIOPortP5_Handler                       0x00000293   Thumb Code     0  startup.o(RESET)
    GPIOPortP6_Handler                       0x00000293   Thumb Code     0  startup.o(RESET)
    GPIOPortP7_Handler                       0x00000293   Thumb Code     0  startup.o(RESET)
    GPIOPortP_Handler                        0x00000293   Thumb Code     0  startup.o(RESET)
    GPIOPortQ1_Handler                       0x00000293   Thumb Code     0  startup.o(RESET)
    GPIOPortQ2_Handler                       0x00000293   Thumb Code     0  startup.o(RESET)
    GPIOPortQ3_Handler                       0x00000293   Thumb Code     0  startup.o(RESET)
    GPIOPortQ4_Handler                       0x00000293   Thumb Code     0  startup.o(RESET)
    GPIOPortQ5_Handler                       0x00000293   Thumb Code     0  startup.o(RESET)
    GPIOPortQ6_Handler                       0x00000293   Thumb Code     0  startup.o(RESET)
    GPIOPortQ7_Handler                       0x00000293   Thumb Code     0  startup.o(RESET)
    GPIOPortQ_Handler                        0x00000293   Thumb Code     0  startup.o(RESET)
    GPIOPortR_Handler                        0x00000293   Thumb Code     0  startup.o(RESET)
    GPIOPortS_Handler                        0x00000293   Thumb Code     0  startup.o(RESET)
    Hibernate_Handler                        0x00000293   Thumb Code     0  startup.o(RESET)
    I2C0_Handler                             0x00000293   Thumb Code     0  startup.o(RESET)
    I2C1_Handler                             0x00000293   Thumb Code     0  startup.o(RESET)
    I2C2_Handler                             0x00000293   Thumb Code     0  startup.o(RESET)
    I2C3_Handler                             0x00000293   Thumb Code     0  startup.o(RESET)
    I2C4_Handler                             0x00000293   Thumb Code     0  startup.o(RESET)
    I2C5_Handler                             0x00000293   Thumb Code     0  startup.o(RESET)
    I2S0_Handler                             0x00000293   Thumb Code     0  startup.o(RESET)
    LPC0_Handler                             0x00000293   Thumb Code     0  startup.o(RESET)
    PECI0_Handler                            0x00000293   Thumb Code     0  startup.o(RESET)
    PWM0Fault_Handler                        0x00000293   Thumb Code     0  startup.o(RESET)
    PWM0Generator0_Handler                   0x00000293   Thumb Code     0  startup.o(RESET)
    PWM0Generator1_Handler                   0x00000293   Thumb Code     0  startup.o(RESET)
    PWM0Generator2_Handler                   0x00000293   Thumb Code     0  startup.o(RESET)
    PWM0Generator3_Handler                   0x00000293   Thumb Code     0  startup.o(RESET)
    PWM1Fault_Handler                        0x00000293   Thumb Code     0  startup.o(RESET)
    PWM1Generator0_Handler                   0x00000293   Thumb Code     0  startup.o(RESET)
    PWM1Generator1_Handler                   0x00000293   Thumb Code     0  startup.o(RESET)
    PWM1Generator2_Handler                   0x00000293   Thumb Code     0  startup.o(RESET)
    PWM1Generator3_Handler                   0x00000293   Thumb Code     0  startup.o(RESET)
    Quadrature0_Handler                      0x00000293   Thumb Code     0  startup.o(RESET)
    Quadrature1_Handler                      0x00000293   Thumb Code     0  startup.o(RESET)
    Quadrature2_Handler                      0x00000293   Thumb Code     0  startup.o(RESET)
    SSI0_Handler                             0x00000293   Thumb Code     0  startup.o(RESET)
    SSI1_Handler                             0x00000293   Thumb Code     0  startup.o(RESET)
    SSI2_Handler                             0x00000293   Thumb Code     0  startup.o(RESET)
    SSI3_Handler                             0x00000293   Thumb Code     0  startup.o(RESET)
    SysCtl_Handler                           0x00000293   Thumb Code     0  startup.o(RESET)
    Timer0B_Handler                          0x00000293   Thumb Code     0  startup.o(RESET)
    Timer1B_Handler                          0x00000293   Thumb Code     0  startup.o(RESET)
    Timer2B_Handler                          0x00000293   Thumb Code     0  startup.o(RESET)
    Timer3B_Handler                          0x00000293   Thumb Code     0  startup.o(RESET)
    Timer4A_Handler                          0x00000293   Thumb Code     0  startup.o(RESET)
    Timer4B_Handler                          0x00000293   Thumb Code     0  startup.o(RESET)
    Timer5A_Handler                          0x00000293   Thumb Code     0  startup.o(RESET)
    Timer5B_Handler                          0x00000293   Thumb Code     0  startup.o(RESET)
    UART0_Handler                            0x00000293   Thumb Code     0  startup.o(RESET)
    UART1_Handler                            0x00000293   Thumb Code     0  startup.o(RESET)
    UART2_Handler                            0x00000293   Thumb Code     0  startup.o(RESET)
    UART3_Handler                            0x00000293   Thumb Code     0  startup.o(RESET)
    UART4_Handler                            0x00000293   Thumb Code     0  startup.o(RESET)
    UART5_Handler                            0x00000293   Thumb Code     0  startup.o(RESET)
    UART6_Handler                            0x00000293   Thumb Code     0  startup.o(RESET)
    UART7_Handler                            0x00000293   Thumb Code     0  startup.o(RESET)
    USB0_Handler                             0x00000293   Thumb Code     0  startup.o(RESET)
    WDT_Handler                              0x00000293   Thumb Code     0  startup.o(RESET)
    WideTimer0A_Handler                      0x00000293   Thumb Code     0  startup.o(RESET)
    WideTimer0B_Handler                      0x00000293   Thumb Code     0  startup.o(RESET)
    WideTimer1A_Handler                      0x00000293   Thumb Code     0  startup.o(RESET)
    WideTimer1B_Handler                      0x00000293   Thumb Code     0  startup.o(RESET)
    WideTimer2A_Handler                      0x00000293   Thumb Code     0  startup.o(RESET)
    WideTimer2B_Handler                      0x00000293   Thumb Code     0  startup.o(RESET)
    WideTimer3A_Handler                      0x00000293   Thumb Code     0  startup.o(RESET)
    WideTimer3B_Handler                      0x00000293   Thumb Code     0  startup.o(RESET)
    WideTimer4A_Handler                      0x00000293   Thumb Code     0  startup.o(RESET)
    WideTimer4B_Handler                      0x00000293   Thumb Code     0  startup.o(RESET)
    WideTimer5A_Handler                      0x00000293   Thumb Code     0  startup.o(RESET)
    WideTimer5B_Handler                      0x00000293   Thumb Code     0  startup.o(RESET)
    uDMA_Error                               0x00000293   Thumb Code     0  startup.o(RESET)
    uDMA_Handler                             0x00000293   Thumb Code     0  startup.o(RESET)
    __main                                   0x00000295   Thumb Code     8  __main.o(!!!main)
    __scatterload                            0x0000029d   Thumb Code     0  __scatter.o(!!!scatter)
    __scatterload_rt2                        0x0000029d   Thumb Code    44  __scatter.o(!!!scatter)
    __scatterload_rt2_thumb_only             0x0000029d   Thumb Code     0  __scatter.o(!!!scatter)
    __scatterload_null                       0x000002ab   Thumb Code     0  __scatter.o(!!!scatter)
    __scatterload_copy                       0x000002d1   Thumb Code    26  __scatter_copy.o(!!handler_copy)
    __scatterload_zeroinit                   0x000002ed   Thumb Code    28  __scatter_zi.o(!!handler_zi)
    __rt_lib_init                            0x00000309   Thumb Code     0  libinit.o(.ARM.Collect$$libinit$$00000000)
    __rt_lib_init_fp_1                       0x0000030b   Thumb Code     0  libinit2.o(.ARM.Collect$$libinit$$00000001)
    __rt_lib_init_alloca_1                   0x0000030f   Thumb Code     0  libinit2.o(.ARM.Collect$$libinit$$0000002E)
    __rt_lib_init_argv_1                     0x0000030f   Thumb Code     0  libinit2.o(.ARM.Collect$$libinit$$0000002C)
    __rt_lib_init_atexit_1                   0x0000030f   Thumb Code     0  libinit2.o(.ARM.Collect$$libinit$$0000001B)
    __rt_lib_init_clock_1                    0x0000030f   Thumb Code     0  libinit2.o(.ARM.Collect$$libinit$$00000021)
    __rt_lib_init_cpp_1                      0x0000030f   Thumb Code     0  libinit2.o(.ARM.Collect$$libinit$$00000032)
    __rt_lib_init_exceptions_1               0x0000030f   Thumb Code     0  libinit2.o(.ARM.Collect$$libinit$$00000030)
    __rt_lib_init_fp_trap_1                  0x0000030f   Thumb Code     0  libinit2.o(.ARM.Collect$$libinit$$0000001F)
    __rt_lib_init_getenv_1                   0x0000030f   Thumb Code     0  libinit2.o(.ARM.Collect$$libinit$$00000023)
    __rt_lib_init_heap_1                     0x0000030f   Thumb Code     0  libinit2.o(.ARM.Collect$$libinit$$0000000A)
    __rt_lib_init_lc_collate_1               0x0000030f   Thumb Code     0  libinit2.o(.ARM.Collect$$libinit$$00000011)
    __rt_lib_init_lc_ctype_1                 0x0000030f   Thumb Code     0  libinit2.o(.ARM.Collect$$libinit$$00000013)
    __rt_lib_init_lc_monetary_1              0x0000030f   Thumb Code     0  libinit2.o(.ARM.Collect$$libinit$$00000015)
    __rt_lib_init_lc_numeric_1               0x0000030f   Thumb Code     0  libinit2.o(.ARM.Collect$$libinit$$00000017)
    __rt_lib_init_lc_time_1                  0x0000030f   Thumb Code     0  libinit2.o(.ARM.Collect$$libinit$$00000019)
    __rt_lib_init_preinit_1                  0x0000030f   Thumb Code     0  libinit2.o(.ARM.Collect$$libinit$$00000004)
    __rt_lib_init_rand_1                     0x0000030f   Thumb Code     0  libinit2.o(.ARM.Collect$$libinit$$0000000E)
    __rt_lib_init_return                     0x0000030f   Thumb Code     0  libinit2.o(.ARM.Collect$$libinit$$00000033)
    __rt_lib_init_signal_1                   0x0000030f   Thumb Code     0  libinit2.o(.ARM.Collect$$libinit$$0000001D)
    __rt_lib_init_stdio_1                    0x0000030f   Thumb Code     0  libinit2.o(.ARM.Collect$$libinit$$00000025)
    __rt_lib_init_user_alloc_1               0x0000030f   Thumb Code     0  libinit2.o(.ARM.Collect$$libinit$$0000000C)
    __rt_lib_shutdown                        0x00000311   Thumb Code     0  libshutdown.o(.ARM.Collect$$libshutdown$$00000000)
    __rt_lib_shutdown_cpp_1                  0x00000313   Thumb Code     0  libshutdown2.o(.ARM.Collect$$libshutdown$$00000002)
    __rt_lib_shutdown_fp_trap_1              0x00000313   Thumb Code     0  libshutdown2.o(.ARM.Collect$$libshutdown$$00000007)
    __rt_lib_shutdown_heap_1                 0x00000313   Thumb Code     0  libshutdown2.o(.ARM.Collect$$libshutdown$$0000000F)
    __rt_lib_shutdown_return                 0x00000313   Thumb Code     0  libshutdown2.o(.ARM.Collect$$libshutdown$$00000010)
    __rt_lib_shutdown_signal_1               0x00000313   Thumb Code     0  libshutdown2.o(.ARM.Collect$$libshutdown$$0000000A)
    __rt_lib_shutdown_stdio_1                0x00000313   Thumb Code     0  libshutdown2.o(.ARM.Collect$$libshutdown$$00000004)
    __rt_lib_shutdown_user_alloc_1           0x00000313   Thumb Code     0  libshutdown2.o(.ARM.Collect$$libshutdown$$0000000C)
    __rt_entry                               0x00000315   Thumb Code     0  __rtentry.o(.ARM.Collect$$rtentry$$00000000)
    __rt_entry_presh_1                       0x00000315   Thumb Code     0  __rtentry2.o(.ARM.Collect$$rtentry$$00000002)
    __rt_entry_sh                            0x00000315   Thumb Code     0  __rtentry4.o(.ARM.Collect$$rtentry$$00000004)
    __rt_entry_li                            0x0000031b   Thumb Code     0  __rtentry2.o(.ARM.Collect$$rtentry$$0000000A)
    __rt_entry_postsh_1                      0x0000031b   Thumb Code     0  __rtentry2.o(.ARM.Collect$$rtentry$$00000009)
    __rt_entry_main                          0x0000031f   Thumb Code     0  __rtentry2.o(.ARM.Collect$$rtentry$$0000000D)
    __rt_entry_postli_1                      0x0000031f   Thumb Code     0  __rtentry2.o(.ARM.Collect$$rtentry$$0000000C)
    __rt_exit                                0x00000327   Thumb Code     0  rtexit.o(.ARM.Collect$$rtexit$$00000000)
    __rt_exit_ls                             0x00000329   Thumb Code     0  rtexit2.o(.ARM.Collect$$rtexit$$00000003)
    __rt_exit_prels_1                        0x00000329   Thumb Code     0  rtexit2.o(.ARM.Collect$$rtexit$$00000002)
    __rt_exit_exit                           0x0000032d   Thumb Code     0  rtexit2.o(.ARM.Collect$$rtexit$$00000004)
    DisableInterrupts                        0x00000335   Thumb Code     0  startup.o(.text)
    EnableInterrupts                         0x00000339   Thumb Code     0  startup.o(.text)
    StartCritical                            0x0000033d   Thumb Code     0  startup.o(.text)
    EndCritical                              0x00000345   Thumb Code     0  startup.o(.text)
    WaitForInterrupt                         0x0000034b   Thumb Code     0  startup.o(.text)
    __user_initial_stackheap                 0x0000034f   Thumb Code     0  startup.o(.text)
    __use_two_region_memory                  0x00000365   Thumb Code     2  heapauxi.o(.text)
    __rt_heap_escrow$2region                 0x00000367   Thumb Code     2  heapauxi.o(.text)
    __rt_heap_expand$2region                 0x00000369   Thumb Code     2  heapauxi.o(.text)
    __read_errno                             0x0000036b   Thumb Code    10  _rserrno.o(.text)
    __set_errno                              0x00000375   Thumb Code    12  _rserrno.o(.text)
    __aeabi_errno_addr                       0x00000381   Thumb Code     8  rt_errno_addr_intlibspace.o(.text)
    __errno$intlibspace                      0x00000381   Thumb Code     0  rt_errno_addr_intlibspace.o(.text)
    __rt_errno_addr$intlibspace              0x00000381   Thumb Code     0  rt_errno_addr_intlibspace.o(.text)
    __user_libspace                          0x00000389   Thumb Code     8  libspace.o(.text)
    __user_perproc_libspace                  0x00000389   Thumb Code     0  libspace.o(.text)
    __user_perthread_libspace                0x00000389   Thumb Code     0  libspace.o(.text)
    __user_setup_stackheap                   0x00000391   Thumb Code    74  sys_stackheap_outer.o(.text)
    exit                                     0x000003db   Thumb Code    18  exit.o(.text)
    _sys_exit                                0x000003ed   Thumb Code     8  sys_exit.o(.text)
    __I$use$semihosting                      0x000003f9   Thumb Code     0  use_no_semi.o(.text)
    __use_no_semihosting_swi                 0x000003f9   Thumb Code     2  use_no_semi.o(.text)
    __semihosting_library_function           0x000003fb   Thumb Code     0  indicate_semi.o(.text)
    Delay1ms                                 0x000003fd   Thumb Code    52  st7735.o(i.Delay1ms)
    PLL_Init                                 0x00000431   Thumb Code    92  pll.o(i.PLL_Init)
    ST7735_DrawBitmap                        0x00000491   Thumb Code   278  st7735.o(i.ST7735_DrawBitmap)
    ST7735_DrawCharS                         0x000005b1   Thumb Code   236  st7735.o(i.ST7735_DrawCharS)
    ST7735_DrawLine                          0x000006a5   Thumb Code   162  st7735.o(i.ST7735_DrawLine)
    ST7735_DrawPixel                         0x00000749   Thumb Code    98  st7735.o(i.ST7735_DrawPixel)
    ST7735_FillRect                          0x000007b5   Thumb Code   162  st7735.o(i.ST7735_FillRect)
    ST7735_InitR                             0x00000861   Thumb Code   142  st7735.o(i.ST7735_InitR)
    ST7735_OutChar                           0x00000909   Thumb Code   230  st7735.o(i.ST7735_OutChar)
    ST7735_OutString                         0x00000a0d   Thumb Code   232  st7735.o(i.ST7735_OutString)
    ST7735_OutUDec                           0x00000afd   Thumb Code   198  st7735.o(i.ST7735_OutUDec)
    ST7735_SetCursor                         0x00000bd1   Thumb Code    14  st7735.o(i.ST7735_SetCursor)
    Timer0A_Handler                          0x00000be5   Thumb Code    12  timers.o(i.Timer0A_Handler)
    Timer0A_Init1HzInt                       0x00000bf9   Thumb Code    96  timers.o(i.Timer0A_Init1HzInt)
    Timer1A_Handler                          0x00000c6d   Thumb Code    12  timers.o(i.Timer1A_Handler)
    Timer1_Init                              0x00000c81   Thumb Code   100  timers.o(i.Timer1_Init)
    Timer2A_Handler                          0x00000cf5   Thumb Code    12  timers.o(i.Timer2A_Handler)
    Timer3A_Handler                          0x00000d09   Thumb Code    12  timers.o(i.Timer3A_Handler)
    Timer3A_Init10kHzInt                     0x00000d1d   Thumb Code   102  timers.o(i.Timer3A_Init10kHzInt)
    UART_Init                                0x00000d95   Thumb Code    94  uart.o(i.UART_Init)
    __ARM_fpclassify                         0x00000e0d   Thumb Code    48  fpclassify.o(i.__ARM_fpclassify)
    __hardfp_cos                             0x00000e41   Thumb Code   180  cos.o(i.__hardfp_cos)
    __hardfp_sin                             0x00000f09   Thumb Code   180  sin.o(i.__hardfp_sin)
    __ieee754_rem_pio2                       0x00000fd1   Thumb Code   938  rred.o(i.__ieee754_rem_pio2)
    __kernel_cos                             0x00001409   Thumb Code   322  cos_i.o(i.__kernel_cos)
    __kernel_poly                            0x00001579   Thumb Code   248  poly.o(i.__kernel_poly)
    __kernel_sin                             0x00001671   Thumb Code   280  sin_i.o(i.__kernel_sin)
    __mathlib_dbl_infnan                     0x000017a1   Thumb Code    20  dunder.o(i.__mathlib_dbl_infnan)
    __mathlib_dbl_invalid                    0x000017b9   Thumb Code    24  dunder.o(i.__mathlib_dbl_invalid)
    __mathlib_dbl_underflow                  0x000017d9   Thumb Code    24  dunder.o(i.__mathlib_dbl_underflow)
    buttonInit                               0x000017f9   Thumb Code    64  buttondriver.o(i.buttonInit)
    buttonLogic                              0x00001859   Thumb Code    82  clockmain.o(i.buttonLogic)
    clearSet                                 0x000018b5   Thumb Code    20  clock.o(i.clearSet)
    clockInit                                0x000018d1   Thumb Code    26  clock.o(i.clockInit)
    displayAlarm                             0x00001b05   Thumb Code    76  clock.o(i.displayAlarm)
    displayClock                             0x00001b61   Thumb Code   570  clock.o(i.displayClock)
    fabs                                     0x00001ddd   Thumb Code    24  fabs.o(i.fabs)
    fillmessage                              0x00001df5   Thumb Code    54  st7735.o(i.fillmessage)
    getStale                                 0x00001e39   Thumb Code     6  clock.o(i.getStale)
    isArmed                                  0x00001e45   Thumb Code     6  clock.o(i.isArmed)
    main                                     0x00001e51   Thumb Code   262  clockmain.o(i.main)
    pollButton                               0x00001f79   Thumb Code    18  buttondriver.o(i.pollButton)
    speakerInit                              0x000020c9   Thumb Code   106  speaker.o(i.speakerInit)
    speakerStart                             0x0000215d   Thumb Code    12  speaker.o(i.speakerStart)
    speakerStop                              0x0000216d   Thumb Code    12  speaker.o(i.speakerStop)
    speakerWork                              0x0000217d   Thumb Code   106  speaker.o(i.speakerWork)
    tickClock                                0x00002205   Thumb Code    98  clock.o(i.tickClock)
    toggleAlarm                              0x0000226d   Thumb Code    58  clock.o(i.toggleAlarm)
    updateClock                              0x000022c5   Thumb Code    32  clock.o(i.updateClock)
    __aeabi_dneg                             0x000022f1   Thumb Code     0  basic.o(x$fpl$basic)
    _dneg                                    0x000022f1   Thumb Code     6  basic.o(x$fpl$basic)
    __aeabi_fneg                             0x000022f7   Thumb Code     0  basic.o(x$fpl$basic)
    _fneg                                    0x000022f7   Thumb Code     6  basic.o(x$fpl$basic)
    _dabs                                    0x000022fd   Thumb Code     6  basic.o(x$fpl$basic)
    _fabs                                    0x00002303   Thumb Code     6  basic.o(x$fpl$basic)
    __aeabi_dadd                             0x00002309   Thumb Code     0  daddsub_clz.o(x$fpl$dadd)
    _dadd                                    0x00002309   Thumb Code   332  daddsub_clz.o(x$fpl$dadd)
    __aeabi_ddiv                             0x00002459   Thumb Code     0  ddiv.o(x$fpl$ddiv)
    _ddiv                                    0x00002459   Thumb Code   552  ddiv.o(x$fpl$ddiv)
    __aeabi_d2iz                             0x00002709   Thumb Code     0  dfix.o(x$fpl$dfix)
    _dfix                                    0x00002709   Thumb Code    94  dfix.o(x$fpl$dfix)
    __aeabi_i2d                              0x00002767   Thumb Code     0  dflt_clz.o(x$fpl$dflt)
    _dflt                                    0x00002767   Thumb Code    46  dflt_clz.o(x$fpl$dflt)
    __aeabi_ui2d                             0x00002795   Thumb Code     0  dflt_clz.o(x$fpl$dfltu)
    _dfltu                                   0x00002795   Thumb Code    38  dflt_clz.o(x$fpl$dfltu)
    __aeabi_dmul                             0x000027bd   Thumb Code     0  dmul.o(x$fpl$dmul)
    _dmul                                    0x000027bd   Thumb Code   332  dmul.o(x$fpl$dmul)
    __fpl_dnaninf                            0x00002911   Thumb Code   156  dnaninf.o(x$fpl$dnaninf)
    __fpl_dretinf                            0x000029ad   Thumb Code    12  dretinf.o(x$fpl$dretinf)
    __aeabi_drsub                            0x000029b9   Thumb Code     0  daddsub_clz.o(x$fpl$drsb)
    _drsb                                    0x000029b9   Thumb Code    22  daddsub_clz.o(x$fpl$drsb)
    __aeabi_dsub                             0x000029d1   Thumb Code     0  daddsub_clz.o(x$fpl$dsub)
    _dsub                                    0x000029d1   Thumb Code   464  daddsub_clz.o(x$fpl$dsub)
    _fp_init                                 0x00002ba5   Thumb Code    10  fpinit.o(x$fpl$fpinit)
    __fplib_config_fpu_vfp                   0x00002bad   Thumb Code     0  fpinit.o(x$fpl$fpinit)
    __fplib_config_pureend_doubles           0x00002bad   Thumb Code     0  fpinit.o(x$fpl$fpinit)
    __I$use$fp                               0x00002bae   Number         0  usenofp.o(x$fpl$usenofp)
    dBfs                                     0x00003190   Data         512  st7735.o(.constdata)
    clockFace                                0x00003390   Data       12800  clock.o(.constdata)
    Region$$Table$$Base                      0x000066b0   Number         0  anon$$obj.o(Region$$Table)
    Region$$Table$$Limit                     0x000066d0   Number         0  anon$$obj.o(Region$$Table)
    timer0A_Func                             0x20000000   Data           4  timers.o(.data)
    timer1A_Func                             0x20000004   Data           4  timers.o(.data)
    timer2A_Func                             0x20000008   Data           4  timers.o(.data)
    timer3A_Func                             0x2000000c   Data           4  timers.o(.data)
    StTextColor                              0x20000014   Data           2  st7735.o(.data)
    StX                                      0x2000001c   Data           4  st7735.o(.data)
    StY                                      0x20000020   Data           4  st7735.o(.data)
    lastj                                    0x20000024   Data           4  st7735.o(.data)
    Messageindex                             0x20000028   Data           4  st7735.o(.data)
    Ymax                                     0x2000002c   Data           4  st7735.o(.data)
    Ymin                                     0x20000030   Data           4  st7735.o(.data)
    X                                        0x20000034   Data           4  st7735.o(.data)
    Yrange                                   0x20000038   Data           4  st7735.o(.data)
    isAInput                                 0x2000003c   Data           1  clockmain.o(.data)
    isCInput                                 0x2000003d   Data           1  clockmain.o(.data)
    min                                      0x2000003e   Data           1  clockmain.o(.data)
    hour                                     0x2000003f   Data           1  clockmain.o(.data)
    prevBtnStat                              0x20000040   Data           1  clockmain.o(.data)
    currentPlotParams                        0x20000074   Data          16  st7735.o(.bss)
    Message                                  0x20000084   Data          12  st7735.o(.bss)
    plot_data                                0x20000090   Data        8192  st7735.o(.bss)
    __libspace_start                         0x20002090   Data          96  libspace.o(.bss)
    __temporary_stack_top$libspace           0x200020f0   Data           0  libspace.o(.bss)



==============================================================================

Memory Map of the image

  Image Entry point : 0x0000026d

  Load Region LR_1 (Base: 0x00000000, Size: 0x00006744, Max: 0xffffffff, ABSOLUTE)

    Execution Region ER_RO (Exec base: 0x00000000, Load base: 0x00000000, Size: 0x000066d0, Max: 0xffffffff, ABSOLUTE)

    Exec Addr    Load Addr    Size         Type   Attr      Idx    E Section Name        Object

    0x00000000   0x00000000   0x00000294   Code   RO            3  * RESET               startup.o
    0x00000294   0x00000294   0x00000008   Code   RO          630  * !!!main             c_w.l(__main.o)
    0x0000029c   0x0000029c   0x00000034   Code   RO          887    !!!scatter          c_w.l(__scatter.o)
    0x000002d0   0x000002d0   0x0000001a   Code   RO          889    !!handler_copy      c_w.l(__scatter_copy.o)
    0x000002ea   0x000002ea   0x00000002   PAD
    0x000002ec   0x000002ec   0x0000001c   Code   RO          891    !!handler_zi        c_w.l(__scatter_zi.o)
    0x00000308   0x00000308   0x00000002   Code   RO          760    .ARM.Collect$$libinit$$00000000  c_w.l(libinit.o)
    0x0000030a   0x0000030a   0x00000004   Code   RO          763    .ARM.Collect$$libinit$$00000001  c_w.l(libinit2.o)
    0x0000030e   0x0000030e   0x00000000   Code   RO          766    .ARM.Collect$$libinit$$00000004  c_w.l(libinit2.o)
    0x0000030e   0x0000030e   0x00000000   Code   RO          769    .ARM.Collect$$libinit$$0000000A  c_w.l(libinit2.o)
    0x0000030e   0x0000030e   0x00000000   Code   RO          771    .ARM.Collect$$libinit$$0000000C  c_w.l(libinit2.o)
    0x0000030e   0x0000030e   0x00000000   Code   RO          773    .ARM.Collect$$libinit$$0000000E  c_w.l(libinit2.o)
    0x0000030e   0x0000030e   0x00000000   Code   RO          776    .ARM.Collect$$libinit$$00000011  c_w.l(libinit2.o)
    0x0000030e   0x0000030e   0x00000000   Code   RO          778    .ARM.Collect$$libinit$$00000013  c_w.l(libinit2.o)
    0x0000030e   0x0000030e   0x00000000   Code   RO          780    .ARM.Collect$$libinit$$00000015  c_w.l(libinit2.o)
    0x0000030e   0x0000030e   0x00000000   Code   RO          782    .ARM.Collect$$libinit$$00000017  c_w.l(libinit2.o)
    0x0000030e   0x0000030e   0x00000000   Code   RO          784    .ARM.Collect$$libinit$$00000019  c_w.l(libinit2.o)
    0x0000030e   0x0000030e   0x00000000   Code   RO          786    .ARM.Collect$$libinit$$0000001B  c_w.l(libinit2.o)
    0x0000030e   0x0000030e   0x00000000   Code   RO          788    .ARM.Collect$$libinit$$0000001D  c_w.l(libinit2.o)
    0x0000030e   0x0000030e   0x00000000   Code   RO          790    .ARM.Collect$$libinit$$0000001F  c_w.l(libinit2.o)
    0x0000030e   0x0000030e   0x00000000   Code   RO          792    .ARM.Collect$$libinit$$00000021  c_w.l(libinit2.o)
    0x0000030e   0x0000030e   0x00000000   Code   RO          794    .ARM.Collect$$libinit$$00000023  c_w.l(libinit2.o)
    0x0000030e   0x0000030e   0x00000000   Code   RO          796    .ARM.Collect$$libinit$$00000025  c_w.l(libinit2.o)
    0x0000030e   0x0000030e   0x00000000   Code   RO          800    .ARM.Collect$$libinit$$0000002C  c_w.l(libinit2.o)
    0x0000030e   0x0000030e   0x00000000   Code   RO          802    .ARM.Collect$$libinit$$0000002E  c_w.l(libinit2.o)
    0x0000030e   0x0000030e   0x00000000   Code   RO          804    .ARM.Collect$$libinit$$00000030  c_w.l(libinit2.o)
    0x0000030e   0x0000030e   0x00000000   Code   RO          806    .ARM.Collect$$libinit$$00000032  c_w.l(libinit2.o)
    0x0000030e   0x0000030e   0x00000002   Code   RO          807    .ARM.Collect$$libinit$$00000033  c_w.l(libinit2.o)
    0x00000310   0x00000310   0x00000002   Code   RO          827    .ARM.Collect$$libshutdown$$00000000  c_w.l(libshutdown.o)
    0x00000312   0x00000312   0x00000000   Code   RO          840    .ARM.Collect$$libshutdown$$00000002  c_w.l(libshutdown2.o)
    0x00000312   0x00000312   0x00000000   Code   RO          842    .ARM.Collect$$libshutdown$$00000004  c_w.l(libshutdown2.o)
    0x00000312   0x00000312   0x00000000   Code   RO          845    .ARM.Collect$$libshutdown$$00000007  c_w.l(libshutdown2.o)
    0x00000312   0x00000312   0x00000000   Code   RO          848    .ARM.Collect$$libshutdown$$0000000A  c_w.l(libshutdown2.o)
    0x00000312   0x00000312   0x00000000   Code   RO          850    .ARM.Collect$$libshutdown$$0000000C  c_w.l(libshutdown2.o)
    0x00000312   0x00000312   0x00000000   Code   RO          853    .ARM.Collect$$libshutdown$$0000000F  c_w.l(libshutdown2.o)
    0x00000312   0x00000312   0x00000002   Code   RO          854    .ARM.Collect$$libshutdown$$00000010  c_w.l(libshutdown2.o)
    0x00000314   0x00000314   0x00000000   Code   RO          678    .ARM.Collect$$rtentry$$00000000  c_w.l(__rtentry.o)
    0x00000314   0x00000314   0x00000000   Code   RO          719    .ARM.Collect$$rtentry$$00000002  c_w.l(__rtentry2.o)
    0x00000314   0x00000314   0x00000006   Code   RO          731    .ARM.Collect$$rtentry$$00000004  c_w.l(__rtentry4.o)
    0x0000031a   0x0000031a   0x00000000   Code   RO          721    .ARM.Collect$$rtentry$$00000009  c_w.l(__rtentry2.o)
    0x0000031a   0x0000031a   0x00000004   Code   RO          722    .ARM.Collect$$rtentry$$0000000A  c_w.l(__rtentry2.o)
    0x0000031e   0x0000031e   0x00000000   Code   RO          724    .ARM.Collect$$rtentry$$0000000C  c_w.l(__rtentry2.o)
    0x0000031e   0x0000031e   0x00000008   Code   RO          725    .ARM.Collect$$rtentry$$0000000D  c_w.l(__rtentry2.o)
    0x00000326   0x00000326   0x00000002   Code   RO          761    .ARM.Collect$$rtexit$$00000000  c_w.l(rtexit.o)
    0x00000328   0x00000328   0x00000000   Code   RO          809    .ARM.Collect$$rtexit$$00000002  c_w.l(rtexit2.o)
    0x00000328   0x00000328   0x00000004   Code   RO          810    .ARM.Collect$$rtexit$$00000003  c_w.l(rtexit2.o)
    0x0000032c   0x0000032c   0x00000006   Code   RO          811    .ARM.Collect$$rtexit$$00000004  c_w.l(rtexit2.o)
    0x00000332   0x00000332   0x00000002   PAD
    0x00000334   0x00000334   0x00000030   Code   RO            4    .text               startup.o
    0x00000364   0x00000364   0x00000006   Code   RO          628    .text               c_w.l(heapauxi.o)
    0x0000036a   0x0000036a   0x00000016   Code   RO          679    .text               c_w.l(_rserrno.o)
    0x00000380   0x00000380   0x00000008   Code   RO          736    .text               c_w.l(rt_errno_addr_intlibspace.o)
    0x00000388   0x00000388   0x00000008   Code   RO          748    .text               c_w.l(libspace.o)
    0x00000390   0x00000390   0x0000004a   Code   RO          751    .text               c_w.l(sys_stackheap_outer.o)
    0x000003da   0x000003da   0x00000012   Code   RO          753    .text               c_w.l(exit.o)
    0x000003ec   0x000003ec   0x0000000c   Code   RO          819    .text               c_w.l(sys_exit.o)
    0x000003f8   0x000003f8   0x00000002   Code   RO          830    .text               c_w.l(use_no_semi.o)
    0x000003fa   0x000003fa   0x00000000   Code   RO          832    .text               c_w.l(indicate_semi.o)
    0x000003fa   0x000003fa   0x00000002   PAD
    0x000003fc   0x000003fc   0x00000034   Code   RO           79    i.Delay1ms          st7735.o
    0x00000430   0x00000430   0x00000060   Code   RO          609    i.PLL_Init          pll.o
    0x00000490   0x00000490   0x00000120   Code   RO           85    i.ST7735_DrawBitmap  st7735.o
    0x000005b0   0x000005b0   0x000000f4   Code   RO           87    i.ST7735_DrawCharS  st7735.o
    0x000006a4   0x000006a4   0x000000a2   Code   RO           90    i.ST7735_DrawLine   st7735.o
    0x00000746   0x00000746   0x00000002   PAD
    0x00000748   0x00000748   0x0000006c   Code   RO           91    i.ST7735_DrawPixel  st7735.o
    0x000007b4   0x000007b4   0x000000ac   Code   RO           93    i.ST7735_FillRect   st7735.o
    0x00000860   0x00000860   0x000000a8   Code   RO           96    i.ST7735_InitR      st7735.o
    0x00000908   0x00000908   0x00000104   Code   RO           98    i.ST7735_OutChar    st7735.o
    0x00000a0c   0x00000a0c   0x000000f0   Code   RO           99    i.ST7735_OutString  st7735.o
    0x00000afc   0x00000afc   0x000000d4   Code   RO          100    i.ST7735_OutUDec    st7735.o
    0x00000bd0   0x00000bd0   0x00000014   Code   RO          109    i.ST7735_SetCursor  st7735.o
    0x00000be4   0x00000be4   0x00000014   Code   RO           12    i.Timer0A_Handler   timers.o
    0x00000bf8   0x00000bf8   0x00000074   Code   RO           13    i.Timer0A_Init1HzInt  timers.o
    0x00000c6c   0x00000c6c   0x00000014   Code   RO           14    i.Timer1A_Handler   timers.o
    0x00000c80   0x00000c80   0x00000074   Code   RO           15    i.Timer1_Init       timers.o
    0x00000cf4   0x00000cf4   0x00000014   Code   RO           16    i.Timer2A_Handler   timers.o
    0x00000d08   0x00000d08   0x00000014   Code   RO           18    i.Timer3A_Handler   timers.o
    0x00000d1c   0x00000d1c   0x00000078   Code   RO           19    i.Timer3A_Init10kHzInt  timers.o
    0x00000d94   0x00000d94   0x00000078   Code   RO          528    i.UART_Init         uart.o
    0x00000e0c   0x00000e0c   0x00000030   Code   RO          744    i.__ARM_fpclassify  m_wm.l(fpclassify.o)
    0x00000e3c   0x00000e3c   0x00000004   PAD
    0x00000e40   0x00000e40   0x000000c8   Code   RO          654    i.__hardfp_cos      m_wm.l(cos.o)
    0x00000f08   0x00000f08   0x000000c8   Code   RO          666    i.__hardfp_sin      m_wm.l(sin.o)
    0x00000fd0   0x00000fd0   0x00000438   Code   RO          707    i.__ieee754_rem_pio2  m_wm.l(rred.o)
    0x00001408   0x00001408   0x00000170   Code   RO          690    i.__kernel_cos      m_wm.l(cos_i.o)
    0x00001578   0x00001578   0x000000f8   Code   RO          746    i.__kernel_poly     m_wm.l(poly.o)
    0x00001670   0x00001670   0x00000130   Code   RO          712    i.__kernel_sin      m_wm.l(sin_i.o)
    0x000017a0   0x000017a0   0x00000014   Code   RO          694    i.__mathlib_dbl_infnan  m_wm.l(dunder.o)
    0x000017b4   0x000017b4   0x00000004   PAD
    0x000017b8   0x000017b8   0x00000020   Code   RO          696    i.__mathlib_dbl_invalid  m_wm.l(dunder.o)
    0x000017d8   0x000017d8   0x00000020   Code   RO          699    i.__mathlib_dbl_underflow  m_wm.l(dunder.o)
    0x000017f8   0x000017f8   0x00000060   Code   RO          384    i.buttonInit        buttondriver.o
    0x00001858   0x00001858   0x0000005c   Code   RO          338    i.buttonLogic       clockmain.o
    0x000018b4   0x000018b4   0x0000001c   Code   RO          404    i.clearSet          clock.o
    0x000018d0   0x000018d0   0x00000024   Code   RO          405    i.clockInit         clock.o
    0x000018f4   0x000018f4   0x000000bc   Code   RO          115    i.commandList       st7735.o
    0x000019b0   0x000019b0   0x00000154   Code   RO          116    i.commonInit        st7735.o
    0x00001b04   0x00001b04   0x0000005c   Code   RO          406    i.displayAlarm      clock.o
    0x00001b60   0x00001b60   0x0000027c   Code   RO          407    i.displayClock      clock.o
    0x00001ddc   0x00001ddc   0x00000018   Code   RO          740    i.fabs              m_wm.l(fabs.o)
    0x00001df4   0x00001df4   0x00000044   Code   RO          117    i.fillmessage       st7735.o
    0x00001e38   0x00001e38   0x0000000c   Code   RO          409    i.getStale          clock.o
    0x00001e44   0x00001e44   0x0000000c   Code   RO          410    i.isArmed           clock.o
    0x00001e50   0x00001e50   0x00000128   Code   RO          340    i.main              clockmain.o
    0x00001f78   0x00001f78   0x0000001c   Code   RO          385    i.pollButton        buttondriver.o
    0x00001f94   0x00001f94   0x00000134   Code   RO          118    i.setAddrWindow     st7735.o
    0x000020c8   0x000020c8   0x00000094   Code   RO          488    i.speakerInit       speaker.o
    0x0000215c   0x0000215c   0x00000010   Code   RO          489    i.speakerStart      speaker.o
    0x0000216c   0x0000216c   0x00000010   Code   RO          490    i.speakerStop       speaker.o
    0x0000217c   0x0000217c   0x00000088   Code   RO          491    i.speakerWork       speaker.o
    0x00002204   0x00002204   0x00000068   Code   RO          412    i.tickClock         clock.o
    0x0000226c   0x0000226c   0x00000058   Code   RO          413    i.toggleAlarm       clock.o
    0x000022c4   0x000022c4   0x0000002c   Code   RO          414    i.updateClock       clock.o
    0x000022f0   0x000022f0   0x00000018   Code   RO          683    x$fpl$basic         fz_wm.l(basic.o)
    0x00002308   0x00002308   0x00000150   Code   RO          632    x$fpl$dadd          fz_wm.l(daddsub_clz.o)
    0x00002458   0x00002458   0x000002b0   Code   RO          639    x$fpl$ddiv          fz_wm.l(ddiv.o)
    0x00002708   0x00002708   0x0000005e   Code   RO          642    x$fpl$dfix          fz_wm.l(dfix.o)
    0x00002766   0x00002766   0x0000002e   Code   RO          647    x$fpl$dflt          fz_wm.l(dflt_clz.o)
    0x00002794   0x00002794   0x00000026   Code   RO          646    x$fpl$dfltu         fz_wm.l(dflt_clz.o)
    0x000027ba   0x000027ba   0x00000002   PAD
    0x000027bc   0x000027bc   0x00000154   Code   RO          652    x$fpl$dmul          fz_wm.l(dmul.o)
    0x00002910   0x00002910   0x0000009c   Code   RO          685    x$fpl$dnaninf       fz_wm.l(dnaninf.o)
    0x000029ac   0x000029ac   0x0000000c   Code   RO          687    x$fpl$dretinf       fz_wm.l(dretinf.o)
    0x000029b8   0x000029b8   0x00000016   Code   RO          633    x$fpl$drsb          fz_wm.l(daddsub_clz.o)
    0x000029ce   0x000029ce   0x00000002   PAD
    0x000029d0   0x000029d0   0x000001d4   Code   RO          634    x$fpl$dsub          fz_wm.l(daddsub_clz.o)
    0x00002ba4   0x00002ba4   0x0000000a   Code   RO          817    x$fpl$fpinit        fz_wm.l(fpinit.o)
    0x00002bae   0x00002bae   0x00000000   Code   RO          689    x$fpl$usenofp       fz_wm.l(usenofp.o)
    0x00002bae   0x00002bae   0x000007e2   Data   RO          122    .constdata          st7735.o
    0x00003390   0x00003390   0x00003200   Data   RO          415    .constdata          clock.o
    0x00006590   0x00006590   0x00000030   Data   RO          691    .constdata          m_wm.l(cos_i.o)
    0x000065c0   0x000065c0   0x000000c8   Data   RO          709    .constdata          m_wm.l(rred.o)
    0x00006688   0x00006688   0x00000028   Data   RO          713    .constdata          m_wm.l(sin_i.o)
    0x000066b0   0x000066b0   0x00000020   Data   RO          885    Region$$Table       anon$$obj.o


    Execution Region ER_RW (Exec base: 0x20000000, Load base: 0x000066d0, Size: 0x00000074, Max: 0xffffffff, ABSOLUTE)

    Exec Addr    Load Addr    Size         Type   Attr      Idx    E Section Name        Object

    0x20000000   0x000066d0   0x00000010   Data   RW           20    .data               timers.o
    0x20000010   0x000066e0   0x0000002c   Data   RW          123    .data               st7735.o
    0x2000003c   0x0000670c   0x00000005   Data   RW          341    .data               clockmain.o
    0x20000041   0x00006711   0x00000001   Data   RW          386    .data               buttondriver.o
    0x20000042   0x00006712   0x00000012   Data   RW          416    .data               clock.o
    0x20000054   0x00006724   0x00000020   Data   RW          492    .data               speaker.o


    Execution Region ER_ZI (Exec base: 0x20000074, Load base: 0x00006744, Size: 0x0000247c, Max: 0xffffffff, ABSOLUTE)

    Exec Addr    Load Addr    Size         Type   Attr      Idx    E Section Name        Object

    0x20000074        -       0x0000201c   Zero   RW          121    .bss                st7735.o
    0x20002090        -       0x00000060   Zero   RW          749    .bss                c_w.l(libspace.o)
    0x200020f0        -       0x00000000   Zero   RW            2    HEAP                startup.o
    0x200020f0        -       0x00000400   Zero   RW            1    STACK               startup.o


==============================================================================

Image component sizes


      Code (inc. data)   RO Data    RW Data    ZI Data      Debug   Object Name

       124         42          0          1          0       1294   buttondriver.o
      1052        160      12800         18          0       5666   clock.o
       388         44          0          5          0       2517   clockmain.o
        96          4          0          0          0        519   pll.o
       316         80          0         32          0       2731   speaker.o
      2830        188       2018         44       8220      18912   st7735.o
       708        632          0          0       1024       1048   startup.o
       432         86          0         16          0       8712   timers.o
       120         26          0          0          0       1211   uart.o

    ----------------------------------------------------------------------
      6068       1262      14850        116       9244      42610   Object Totals
         0          0         32          0          0          0   (incl. Generated)
         2          0          0          0          0          0   (incl. Padding)

    ----------------------------------------------------------------------

      Code (inc. data)   RO Data    RW Data    ZI Data      Debug   Library Member Name

         8          0          0          0          0         68   __main.o
         0          0          0          0          0          0   __rtentry.o
        12          0          0          0          0          0   __rtentry2.o
         6          0          0          0          0          0   __rtentry4.o
        52          8          0          0          0          0   __scatter.o
        26          0          0          0          0          0   __scatter_copy.o
        28          0          0          0          0          0   __scatter_zi.o
        22          0          0          0          0        100   _rserrno.o
        18          0          0          0          0         80   exit.o
         6          0          0          0          0        152   heapauxi.o
         0          0          0          0          0          0   indicate_semi.o
         2          0          0          0          0          0   libinit.o
         6          0          0          0          0          0   libinit2.o
         2          0          0          0          0          0   libshutdown.o
         2          0          0          0          0          0   libshutdown2.o
         8          4          0          0         96         68   libspace.o
         8          4          0          0          0         68   rt_errno_addr_intlibspace.o
         2          0          0          0          0          0   rtexit.o
        10          0          0          0          0          0   rtexit2.o
        12          4          0          0          0         68   sys_exit.o
        74          0          0          0          0         80   sys_stackheap_outer.o
         2          0          0          0          0         68   use_no_semi.o
        24          0          0          0          0        164   basic.o
       826         16          0          0          0        492   daddsub_clz.o
       688        140          0          0          0        256   ddiv.o
        94          4          0          0          0        140   dfix.o
        84          0          0          0          0        232   dflt_clz.o
       340         12          0          0          0        152   dmul.o
       156          4          0          0          0        140   dnaninf.o
        12          0          0          0          0        116   dretinf.o
        10          0          0          0          0        116   fpinit.o
         0          0          0          0          0          0   usenofp.o
       200         20          0          0          0        164   cos.o
       368         46         48          0          0        200   cos_i.o
        84         16          0          0          0        372   dunder.o
        24          0          0          0          0        124   fabs.o
        48          0          0          0          0        124   fpclassify.o
       248          0          0          0          0        152   poly.o
      1080        142        200          0          0        188   rred.o
       200         20          0          0          0        164   sin.o
       304         24         40          0          0        208   sin_i.o

    ----------------------------------------------------------------------
      5114        464        288          0         96       4256   Library Totals
        18          0          0          0          0          0   (incl. Padding)

    ----------------------------------------------------------------------

      Code (inc. data)   RO Data    RW Data    ZI Data      Debug   Library Name

       306         20          0          0         96        752   c_w.l
      2234        176          0          0          0       1808   fz_wm.l
      2556        268        288          0          0       1696   m_wm.l

    ----------------------------------------------------------------------
      5114        464        288          0         96       4256   Library Totals

    ----------------------------------------------------------------------

==============================================================================


      Code (inc. data)   RO Data    RW Data    ZI Data      Debug   

     11182       1726      15138        116       9340      40806   Grand Totals
     11182       1726      15138        116       9340      40806   ELF Image Totals
     11182       1726      15138        116          0          0   ROM Totals

==============================================================================

    Total RO  Size (Code + RO Data)                26320 (  25.70kB)
    Total RW  Size (RW Data + ZI Data)              9456 (   9.23kB)
    Total ROM Size (Code + RO Data + RW Data)      26436 (  25.82kB)

==============================================================================

